[2024-10-29T16:05:14.350-0700][gc,init] CardTable entry size: 512
[2024-10-29T16:05:14.350-0700][gc     ] Using G1
[2024-10-29T16:05:14.351-0700][gc,init] Version: 22.0.2+9-70 (release)
[2024-10-29T16:05:14.351-0700][gc,init] CPUs: 8 total, 8 available
[2024-10-29T16:05:14.351-0700][gc,init] Memory: 8192M
[2024-10-29T16:05:14.351-0700][gc,init] Large Page Support: Disabled
[2024-10-29T16:05:14.351-0700][gc,init] NUMA Support: Disabled
[2024-10-29T16:05:14.351-0700][gc,init] Compressed Oops: Enabled (Zero based)
[2024-10-29T16:05:14.351-0700][gc,init] Heap Region Size: 1M
[2024-10-29T16:05:14.351-0700][gc,init] Heap Min Capacity: 1G
[2024-10-29T16:05:14.351-0700][gc,init] Heap Initial Capacity: 1G
[2024-10-29T16:05:14.351-0700][gc,init] Heap Max Capacity: 1G
[2024-10-29T16:05:14.351-0700][gc,init] Pre-touch: Disabled
[2024-10-29T16:05:14.351-0700][gc,init] Parallel Workers: 8
[2024-10-29T16:05:14.351-0700][gc,init] Concurrent Workers: 2
[2024-10-29T16:05:14.351-0700][gc,init] Concurrent Refinement Workers: 8
[2024-10-29T16:05:14.351-0700][gc,init] Periodic GC: Disabled
[2024-10-29T16:05:14.356-0700][gc,metaspace] CDS archive(s) mapped at: [0x0000000700000000-0x0000000700c74000-0x0000000700c74000), size 13058048, SharedBaseAddress: 0x0000000700000000, ArchiveRelocationMode: 1.
[2024-10-29T16:05:14.356-0700][gc,metaspace] Compressed class space mapped at: 0x0000000701000000-0x0000000741000000, reserved size: 1073741824
[2024-10-29T16:05:14.356-0700][gc,metaspace] Narrow klass base: 0x0000000700000000, Narrow klass shift: 0, Narrow klass range: 0x100000000
[2024-10-29T16:05:15.576-0700][gc,start    ] GC(0) Pause Young (Normal) (G1 Evacuation Pause)
[2024-10-29T16:05:15.576-0700][gc,task     ] GC(0) Using 8 workers of 8 for evacuation
[2024-10-29T16:05:15.579-0700][gc,phases   ] GC(0)   Pre Evacuate Collection Set: 0.13ms
[2024-10-29T16:05:15.579-0700][gc,phases   ] GC(0)   Merge Heap Roots: 0.04ms
[2024-10-29T16:05:15.579-0700][gc,phases   ] GC(0)   Evacuate Collection Set: 2.37ms
[2024-10-29T16:05:15.579-0700][gc,phases   ] GC(0)   Post Evacuate Collection Set: 0.31ms
[2024-10-29T16:05:15.579-0700][gc,phases   ] GC(0)   Other: 0.23ms
[2024-10-29T16:05:15.579-0700][gc,heap     ] GC(0) Eden regions: 51->0(44)
[2024-10-29T16:05:15.579-0700][gc,heap     ] GC(0) Survivor regions: 0->7(7)
[2024-10-29T16:05:15.579-0700][gc,heap     ] GC(0) Old regions: 2->4
[2024-10-29T16:05:15.579-0700][gc,heap     ] GC(0) Humongous regions: 0->0
[2024-10-29T16:05:15.579-0700][gc,metaspace] GC(0) Metaspace: 17092K(17280K)->17092K(17280K) NonClass: 15045K(15168K)->15045K(15168K) Class: 2046K(2112K)->2046K(2112K)
[2024-10-29T16:05:15.579-0700][gc          ] GC(0) Pause Young (Normal) (G1 Evacuation Pause) 52M->9M(1024M) 3.247ms
[2024-10-29T16:05:15.579-0700][gc,cpu      ] GC(0) User=0.01s Sys=0.01s Real=0.00s
[2024-10-29T16:05:15.736-0700][gc,start    ] GC(1) Pause Young (Concurrent Start) (Metadata GC Threshold)
[2024-10-29T16:05:15.736-0700][gc,task     ] GC(1) Using 8 workers of 8 for evacuation
[2024-10-29T16:05:15.738-0700][gc,phases   ] GC(1)   Pre Evacuate Collection Set: 0.16ms
[2024-10-29T16:05:15.738-0700][gc,phases   ] GC(1)   Merge Heap Roots: 0.03ms
[2024-10-29T16:05:15.738-0700][gc,phases   ] GC(1)   Evacuate Collection Set: 1.97ms
[2024-10-29T16:05:15.738-0700][gc,phases   ] GC(1)   Post Evacuate Collection Set: 0.19ms
[2024-10-29T16:05:15.738-0700][gc,phases   ] GC(1)   Other: 0.06ms
[2024-10-29T16:05:15.738-0700][gc,heap     ] GC(1) Eden regions: 17->0(49)
[2024-10-29T16:05:15.738-0700][gc,heap     ] GC(1) Survivor regions: 7->2(7)
[2024-10-29T16:05:15.738-0700][gc,heap     ] GC(1) Old regions: 4->11
[2024-10-29T16:05:15.738-0700][gc,heap     ] GC(1) Humongous regions: 0->0
[2024-10-29T16:05:15.738-0700][gc,metaspace] GC(1) Metaspace: 21283K(21504K)->21283K(21504K) NonClass: 18724K(18816K)->18724K(18816K) Class: 2558K(2688K)->2558K(2688K)
[2024-10-29T16:05:15.738-0700][gc          ] GC(1) Pause Young (Concurrent Start) (Metadata GC Threshold) 25M->10M(1024M) 2.547ms
[2024-10-29T16:05:15.738-0700][gc,cpu      ] GC(1) User=0.02s Sys=0.00s Real=0.00s
[2024-10-29T16:05:15.738-0700][gc          ] GC(2) Concurrent Mark Cycle
[2024-10-29T16:05:15.738-0700][gc,marking  ] GC(2) Concurrent Scan Root Regions
[2024-10-29T16:05:15.740-0700][gc,marking  ] GC(2) Concurrent Scan Root Regions 1.428ms
[2024-10-29T16:05:15.740-0700][gc,marking  ] GC(2) Concurrent Mark
[2024-10-29T16:05:15.740-0700][gc,marking  ] GC(2) Concurrent Mark From Roots
[2024-10-29T16:05:15.740-0700][gc,task     ] GC(2) Using 2 workers of 2 for marking
[2024-10-29T16:05:15.741-0700][gc,marking  ] GC(2) Concurrent Mark From Roots 1.089ms
[2024-10-29T16:05:15.741-0700][gc,marking  ] GC(2) Concurrent Preclean
[2024-10-29T16:05:15.741-0700][gc,marking  ] GC(2) Concurrent Preclean 0.009ms
[2024-10-29T16:05:15.741-0700][gc,start    ] GC(2) Pause Remark
[2024-10-29T16:05:15.742-0700][gc          ] GC(2) Pause Remark 11M->11M(1024M) 1.027ms
[2024-10-29T16:05:15.742-0700][gc,cpu      ] GC(2) User=0.00s Sys=0.00s Real=0.00s
[2024-10-29T16:05:15.742-0700][gc,marking  ] GC(2) Concurrent Mark 2.251ms
[2024-10-29T16:05:15.742-0700][gc,marking  ] GC(2) Concurrent Rebuild Remembered Sets and Scrub Regions
[2024-10-29T16:05:15.744-0700][gc,marking  ] GC(2) Concurrent Rebuild Remembered Sets and Scrub Regions 1.946ms
[2024-10-29T16:05:15.744-0700][gc,start    ] GC(2) Pause Cleanup
[2024-10-29T16:05:15.744-0700][gc          ] GC(2) Pause Cleanup 12M->12M(1024M) 0.071ms
[2024-10-29T16:05:15.744-0700][gc,cpu      ] GC(2) User=0.00s Sys=0.00s Real=0.00s
[2024-10-29T16:05:15.744-0700][gc,marking  ] GC(2) Concurrent Clear Claimed Marks
[2024-10-29T16:05:15.744-0700][gc,marking  ] GC(2) Concurrent Clear Claimed Marks 0.010ms
[2024-10-29T16:05:15.744-0700][gc,marking  ] GC(2) Concurrent Cleanup for Next Mark
[2024-10-29T16:05:15.745-0700][gc,marking  ] GC(2) Concurrent Cleanup for Next Mark 1.353ms
[2024-10-29T16:05:15.745-0700][gc          ] GC(2) Concurrent Mark Cycle 7.433ms
[2024-10-29T16:05:16.143-0700][gc,start    ] GC(3) Pause Young (Prepare Mixed) (G1 Evacuation Pause)
[2024-10-29T16:05:16.143-0700][gc,task     ] GC(3) Using 8 workers of 8 for evacuation
[2024-10-29T16:05:16.145-0700][gc,phases   ] GC(3)   Pre Evacuate Collection Set: 0.11ms
[2024-10-29T16:05:16.145-0700][gc,phases   ] GC(3)   Merge Heap Roots: 0.04ms
[2024-10-29T16:05:16.145-0700][gc,phases   ] GC(3)   Evacuate Collection Set: 1.80ms
[2024-10-29T16:05:16.145-0700][gc,phases   ] GC(3)   Post Evacuate Collection Set: 0.25ms
[2024-10-29T16:05:16.145-0700][gc,phases   ] GC(3)   Other: 0.05ms
[2024-10-29T16:05:16.145-0700][gc,heap     ] GC(3) Eden regions: 49->0(44)
[2024-10-29T16:05:16.145-0700][gc,heap     ] GC(3) Survivor regions: 2->7(7)
[2024-10-29T16:05:16.145-0700][gc,heap     ] GC(3) Old regions: 11->12
[2024-10-29T16:05:16.145-0700][gc,heap     ] GC(3) Humongous regions: 129->129
[2024-10-29T16:05:16.145-0700][gc,metaspace] GC(3) Metaspace: 32379K(32704K)->32379K(32704K) NonClass: 28733K(28928K)->28733K(28928K) Class: 3646K(3776K)->3646K(3776K)
[2024-10-29T16:05:16.145-0700][gc          ] GC(3) Pause Young (Prepare Mixed) (G1 Evacuation Pause) (Evacuation Failure: Pinned) 188M->145M(1024M) 2.381ms
[2024-10-29T16:05:16.145-0700][gc,cpu      ] GC(3) User=0.02s Sys=0.00s Real=0.00s
[2024-10-29T16:05:16.301-0700][gc,start    ] GC(4) Pause Young (Mixed) (Metadata GC Threshold)
[2024-10-29T16:05:16.301-0700][gc,task     ] GC(4) Using 8 workers of 8 for evacuation
[2024-10-29T16:05:16.303-0700][gc,phases   ] GC(4)   Pre Evacuate Collection Set: 0.12ms
[2024-10-29T16:05:16.303-0700][gc,phases   ] GC(4)   Merge Heap Roots: 0.03ms
[2024-10-29T16:05:16.303-0700][gc,phases   ] GC(4)   Evacuate Collection Set: 1.85ms
[2024-10-29T16:05:16.303-0700][gc,phases   ] GC(4)   Post Evacuate Collection Set: 0.19ms
[2024-10-29T16:05:16.303-0700][gc,phases   ] GC(4)   Other: 0.05ms
[2024-10-29T16:05:16.303-0700][gc,heap     ] GC(4) Eden regions: 14->0(49)
[2024-10-29T16:05:16.303-0700][gc,heap     ] GC(4) Survivor regions: 7->2(7)
[2024-10-29T16:05:16.303-0700][gc,heap     ] GC(4) Old regions: 12->16
[2024-10-29T16:05:16.303-0700][gc,heap     ] GC(4) Humongous regions: 129->129
[2024-10-29T16:05:16.303-0700][gc,metaspace] GC(4) Metaspace: 35561K(35968K)->35561K(35968K) NonClass: 31486K(31744K)->31486K(31744K) Class: 4074K(4224K)->4074K(4224K)
[2024-10-29T16:05:16.303-0700][gc          ] GC(4) Pause Young (Mixed) (Metadata GC Threshold) 159M->145M(1024M) 2.379ms
[2024-10-29T16:05:16.303-0700][gc,cpu      ] GC(4) User=0.02s Sys=0.00s Real=0.00s
[2024-10-29T16:05:16.315-0700][gc,start    ] GC(5) Pause Young (Concurrent Start) (Metadata GC Threshold)
[2024-10-29T16:05:16.315-0700][gc,task     ] GC(5) Using 8 workers of 8 for evacuation
[2024-10-29T16:05:16.316-0700][gc,phases   ] GC(5)   Pre Evacuate Collection Set: 0.13ms
[2024-10-29T16:05:16.316-0700][gc,phases   ] GC(5)   Merge Heap Roots: 0.03ms
[2024-10-29T16:05:16.316-0700][gc,phases   ] GC(5)   Evacuate Collection Set: 0.44ms
[2024-10-29T16:05:16.316-0700][gc,phases   ] GC(5)   Post Evacuate Collection Set: 0.13ms
[2024-10-29T16:05:16.316-0700][gc,phases   ] GC(5)   Other: 0.04ms
[2024-10-29T16:05:16.316-0700][gc,heap     ] GC(5) Eden regions: 2->0(50)
[2024-10-29T16:05:16.316-0700][gc,heap     ] GC(5) Survivor regions: 2->1(7)
[2024-10-29T16:05:16.316-0700][gc,heap     ] GC(5) Old regions: 16->16
[2024-10-29T16:05:16.316-0700][gc,heap     ] GC(5) Humongous regions: 129->129
[2024-10-29T16:05:16.316-0700][gc,metaspace] GC(5) Metaspace: 35965K(36288K)->35965K(36288K) NonClass: 31835K(32000K)->31835K(32000K) Class: 4129K(4288K)->4129K(4288K)
[2024-10-29T16:05:16.316-0700][gc          ] GC(5) Pause Young (Concurrent Start) (Metadata GC Threshold) 147M->145M(1024M) 0.895ms
[2024-10-29T16:05:16.316-0700][gc          ] GC(6) Concurrent Mark Cycle
[2024-10-29T16:05:16.316-0700][gc,cpu      ] GC(5) User=0.01s Sys=0.00s Real=0.00s
[2024-10-29T16:05:16.316-0700][gc,marking  ] GC(6) Concurrent Scan Root Regions
[2024-10-29T16:05:16.317-0700][gc,marking  ] GC(6) Concurrent Scan Root Regions 0.794ms
[2024-10-29T16:05:16.317-0700][gc,marking  ] GC(6) Concurrent Mark
[2024-10-29T16:05:16.317-0700][gc,marking  ] GC(6) Concurrent Mark From Roots
[2024-10-29T16:05:16.317-0700][gc,task     ] GC(6) Using 2 workers of 2 for marking
[2024-10-29T16:05:16.323-0700][gc,marking  ] GC(6) Concurrent Mark From Roots 6.254ms
[2024-10-29T16:05:16.323-0700][gc,marking  ] GC(6) Concurrent Preclean
[2024-10-29T16:05:16.323-0700][gc,marking  ] GC(6) Concurrent Preclean 0.025ms
[2024-10-29T16:05:16.323-0700][gc,start    ] GC(6) Pause Remark
[2024-10-29T16:05:16.324-0700][gc          ] GC(6) Pause Remark 146M->146M(1024M) 1.062ms
[2024-10-29T16:05:16.324-0700][gc,cpu      ] GC(6) User=0.00s Sys=0.00s Real=0.00s
[2024-10-29T16:05:16.324-0700][gc,marking  ] GC(6) Concurrent Mark 7.475ms
[2024-10-29T16:05:16.324-0700][gc,marking  ] GC(6) Concurrent Rebuild Remembered Sets and Scrub Regions
[2024-10-29T16:05:16.328-0700][gc,marking  ] GC(6) Concurrent Rebuild Remembered Sets and Scrub Regions 4.216ms
[2024-10-29T16:05:16.329-0700][gc,start    ] GC(6) Pause Cleanup
[2024-10-29T16:05:16.329-0700][gc          ] GC(6) Pause Cleanup 147M->147M(1024M) 0.065ms
[2024-10-29T16:05:16.329-0700][gc,cpu      ] GC(6) User=0.00s Sys=0.00s Real=0.00s
[2024-10-29T16:05:16.329-0700][gc,marking  ] GC(6) Concurrent Clear Claimed Marks
[2024-10-29T16:05:16.329-0700][gc,marking  ] GC(6) Concurrent Clear Claimed Marks 0.012ms
[2024-10-29T16:05:16.329-0700][gc,marking  ] GC(6) Concurrent Cleanup for Next Mark
[2024-10-29T16:05:16.330-0700][gc,marking  ] GC(6) Concurrent Cleanup for Next Mark 1.022ms
[2024-10-29T16:05:16.330-0700][gc          ] GC(6) Concurrent Mark Cycle 13.724ms
[2024-10-29T16:15:43.497-0700][gc,heap,exit] Heap
[2024-10-29T16:15:43.497-0700][gc,heap,exit]  garbage-first heap   total reserved 1048576K, committed 1048576K, used 187786K [0x00000007c0000000, 0x0000000800000000)
[2024-10-29T16:15:43.497-0700][gc,heap,exit]   region size 1024K, 39 young (39936K), 1 survivors (1024K)
[2024-10-29T16:15:43.497-0700][gc,heap,exit]  Metaspace       used 41561K, committed 42176K, reserved 1114112K
[2024-10-29T16:15:43.497-0700][gc,heap,exit]   class space    used 5091K, committed 5376K, reserved 1048576K
