[2024-10-21T16:29:12.264-0700][gc,init] CardTable entry size: 512
[2024-10-21T16:29:12.264-0700][gc     ] Using G1
[2024-10-21T16:29:12.266-0700][gc,init] Version: 22.0.2+9-70 (release)
[2024-10-21T16:29:12.266-0700][gc,init] CPUs: 8 total, 8 available
[2024-10-21T16:29:12.266-0700][gc,init] Memory: 8192M
[2024-10-21T16:29:12.266-0700][gc,init] Large Page Support: Disabled
[2024-10-21T16:29:12.266-0700][gc,init] NUMA Support: Disabled
[2024-10-21T16:29:12.266-0700][gc,init] Compressed Oops: Enabled (Zero based)
[2024-10-21T16:29:12.266-0700][gc,init] Heap Region Size: 1M
[2024-10-21T16:29:12.266-0700][gc,init] Heap Min Capacity: 1G
[2024-10-21T16:29:12.266-0700][gc,init] Heap Initial Capacity: 1G
[2024-10-21T16:29:12.266-0700][gc,init] Heap Max Capacity: 1G
[2024-10-21T16:29:12.266-0700][gc,init] Pre-touch: Disabled
[2024-10-21T16:29:12.266-0700][gc,init] Parallel Workers: 8
[2024-10-21T16:29:12.266-0700][gc,init] Concurrent Workers: 2
[2024-10-21T16:29:12.266-0700][gc,init] Concurrent Refinement Workers: 8
[2024-10-21T16:29:12.266-0700][gc,init] Periodic GC: Disabled
[2024-10-21T16:29:12.270-0700][gc,metaspace] CDS archive(s) mapped at: [0x00003f0000000000-0x00003f0000c74000-0x00003f0000c74000), size 13058048, SharedBaseAddress: 0x00003f0000000000, ArchiveRelocationMode: 1.
[2024-10-21T16:29:12.270-0700][gc,metaspace] Compressed class space mapped at: 0x00003f0001000000-0x00003f0041000000, reserved size: 1073741824
[2024-10-21T16:29:12.270-0700][gc,metaspace] Narrow klass base: 0x00003f0000000000, Narrow klass shift: 0, Narrow klass range: 0x100000000
[2024-10-21T16:29:13.249-0700][gc,start    ] GC(0) Pause Young (Normal) (G1 Evacuation Pause)
[2024-10-21T16:29:13.249-0700][gc,task     ] GC(0) Using 8 workers of 8 for evacuation
[2024-10-21T16:29:13.252-0700][gc,phases   ] GC(0)   Pre Evacuate Collection Set: 0.12ms
[2024-10-21T16:29:13.252-0700][gc,phases   ] GC(0)   Merge Heap Roots: 0.05ms
[2024-10-21T16:29:13.252-0700][gc,phases   ] GC(0)   Evacuate Collection Set: 2.38ms
[2024-10-21T16:29:13.252-0700][gc,phases   ] GC(0)   Post Evacuate Collection Set: 0.29ms
[2024-10-21T16:29:13.252-0700][gc,phases   ] GC(0)   Other: 0.21ms
[2024-10-21T16:29:13.252-0700][gc,heap     ] GC(0) Eden regions: 51->0(44)
[2024-10-21T16:29:13.252-0700][gc,heap     ] GC(0) Survivor regions: 0->7(7)
[2024-10-21T16:29:13.252-0700][gc,heap     ] GC(0) Old regions: 2->3
[2024-10-21T16:29:13.252-0700][gc,heap     ] GC(0) Humongous regions: 0->0
[2024-10-21T16:29:13.252-0700][gc,metaspace] GC(0) Metaspace: 17245K(17408K)->17245K(17408K) NonClass: 15188K(15296K)->15188K(15296K) Class: 2057K(2112K)->2057K(2112K)
[2024-10-21T16:29:13.252-0700][gc          ] GC(0) Pause Young (Normal) (G1 Evacuation Pause) 52M->8M(1024M) 3.239ms
[2024-10-21T16:29:13.252-0700][gc,cpu      ] GC(0) User=0.01s Sys=0.00s Real=0.01s
[2024-10-21T16:29:13.389-0700][gc,start    ] GC(1) Pause Young (Concurrent Start) (Metadata GC Threshold)
[2024-10-21T16:29:13.389-0700][gc,task     ] GC(1) Using 8 workers of 8 for evacuation
[2024-10-21T16:29:13.391-0700][gc,phases   ] GC(1)   Pre Evacuate Collection Set: 0.15ms
[2024-10-21T16:29:13.391-0700][gc,phases   ] GC(1)   Merge Heap Roots: 0.03ms
[2024-10-21T16:29:13.391-0700][gc,phases   ] GC(1)   Evacuate Collection Set: 1.95ms
[2024-10-21T16:29:13.391-0700][gc,phases   ] GC(1)   Post Evacuate Collection Set: 0.20ms
[2024-10-21T16:29:13.391-0700][gc,phases   ] GC(1)   Other: 0.06ms
[2024-10-21T16:29:13.391-0700][gc,heap     ] GC(1) Eden regions: 16->0(50)
[2024-10-21T16:29:13.391-0700][gc,heap     ] GC(1) Survivor regions: 7->1(7)
[2024-10-21T16:29:13.391-0700][gc,heap     ] GC(1) Old regions: 3->11
[2024-10-21T16:29:13.391-0700][gc,heap     ] GC(1) Humongous regions: 0->0
[2024-10-21T16:29:13.391-0700][gc,metaspace] GC(1) Metaspace: 21261K(21504K)->21261K(21504K) NonClass: 18688K(18816K)->18688K(18816K) Class: 2572K(2688K)->2572K(2688K)
[2024-10-21T16:29:13.391-0700][gc          ] GC(1) Pause Young (Concurrent Start) (Metadata GC Threshold) 24M->10M(1024M) 2.546ms
[2024-10-21T16:29:13.391-0700][gc,cpu      ] GC(1) User=0.02s Sys=0.00s Real=0.01s
[2024-10-21T16:29:13.391-0700][gc          ] GC(2) Concurrent Mark Cycle
[2024-10-21T16:29:13.391-0700][gc,marking  ] GC(2) Concurrent Scan Root Regions
[2024-10-21T16:29:13.393-0700][gc,marking  ] GC(2) Concurrent Scan Root Regions 1.602ms
[2024-10-21T16:29:13.393-0700][gc,marking  ] GC(2) Concurrent Mark
[2024-10-21T16:29:13.393-0700][gc,marking  ] GC(2) Concurrent Mark From Roots
[2024-10-21T16:29:13.393-0700][gc,task     ] GC(2) Using 2 workers of 2 for marking
[2024-10-21T16:29:13.394-0700][gc,marking  ] GC(2) Concurrent Mark From Roots 0.867ms
[2024-10-21T16:29:13.394-0700][gc,marking  ] GC(2) Concurrent Preclean
[2024-10-21T16:29:13.394-0700][gc,marking  ] GC(2) Concurrent Preclean 0.008ms
[2024-10-21T16:29:13.394-0700][gc,start    ] GC(2) Pause Remark
[2024-10-21T16:29:13.395-0700][gc          ] GC(2) Pause Remark 10M->10M(1024M) 1.109ms
[2024-10-21T16:29:13.395-0700][gc,cpu      ] GC(2) User=0.00s Sys=0.00s Real=0.00s
[2024-10-21T16:29:13.395-0700][gc,marking  ] GC(2) Concurrent Mark 2.074ms
[2024-10-21T16:29:13.395-0700][gc,marking  ] GC(2) Concurrent Rebuild Remembered Sets and Scrub Regions
[2024-10-21T16:29:13.397-0700][gc,marking  ] GC(2) Concurrent Rebuild Remembered Sets and Scrub Regions 1.747ms
[2024-10-21T16:29:13.397-0700][gc,start    ] GC(2) Pause Cleanup
[2024-10-21T16:29:13.397-0700][gc          ] GC(2) Pause Cleanup 10M->10M(1024M) 0.074ms
[2024-10-21T16:29:13.397-0700][gc,cpu      ] GC(2) User=0.00s Sys=0.00s Real=0.00s
[2024-10-21T16:29:13.397-0700][gc,marking  ] GC(2) Concurrent Clear Claimed Marks
[2024-10-21T16:29:13.397-0700][gc,marking  ] GC(2) Concurrent Clear Claimed Marks 0.009ms
[2024-10-21T16:29:13.397-0700][gc,marking  ] GC(2) Concurrent Cleanup for Next Mark
[2024-10-21T16:29:13.398-0700][gc,marking  ] GC(2) Concurrent Cleanup for Next Mark 1.392ms
[2024-10-21T16:29:13.398-0700][gc          ] GC(2) Concurrent Mark Cycle 7.043ms
[2024-10-21T16:29:13.800-0700][gc,start    ] GC(3) Pause Young (Prepare Mixed) (G1 Evacuation Pause)
[2024-10-21T16:29:13.800-0700][gc,task     ] GC(3) Using 8 workers of 8 for evacuation
[2024-10-21T16:29:13.804-0700][gc,phases   ] GC(3)   Pre Evacuate Collection Set: 0.20ms
[2024-10-21T16:29:13.804-0700][gc,phases   ] GC(3)   Merge Heap Roots: 0.05ms
[2024-10-21T16:29:13.804-0700][gc,phases   ] GC(3)   Evacuate Collection Set: 2.74ms
[2024-10-21T16:29:13.804-0700][gc,phases   ] GC(3)   Post Evacuate Collection Set: 0.32ms
[2024-10-21T16:29:13.804-0700][gc,phases   ] GC(3)   Other: 0.05ms
[2024-10-21T16:29:13.804-0700][gc,heap     ] GC(3) Eden regions: 50->0(44)
[2024-10-21T16:29:13.804-0700][gc,heap     ] GC(3) Survivor regions: 1->7(7)
[2024-10-21T16:29:13.804-0700][gc,heap     ] GC(3) Old regions: 11->11
[2024-10-21T16:29:13.804-0700][gc,heap     ] GC(3) Humongous regions: 129->129
[2024-10-21T16:29:13.804-0700][gc,metaspace] GC(3) Metaspace: 32890K(33280K)->32890K(33280K) NonClass: 29142K(29376K)->29142K(29376K) Class: 3747K(3904K)->3747K(3904K)
[2024-10-21T16:29:13.804-0700][gc          ] GC(3) Pause Young (Prepare Mixed) (G1 Evacuation Pause) 189M->144M(1024M) 3.492ms
[2024-10-21T16:29:13.804-0700][gc,cpu      ] GC(3) User=0.01s Sys=0.00s Real=0.00s
[2024-10-21T16:29:13.943-0700][gc,start    ] GC(4) Pause Young (Mixed) (Metadata GC Threshold)
[2024-10-21T16:29:13.943-0700][gc,task     ] GC(4) Using 8 workers of 8 for evacuation
[2024-10-21T16:29:13.945-0700][gc,phases   ] GC(4)   Pre Evacuate Collection Set: 0.13ms
[2024-10-21T16:29:13.945-0700][gc,phases   ] GC(4)   Merge Heap Roots: 0.03ms
[2024-10-21T16:29:13.945-0700][gc,phases   ] GC(4)   Evacuate Collection Set: 1.78ms
[2024-10-21T16:29:13.945-0700][gc,phases   ] GC(4)   Post Evacuate Collection Set: 0.19ms
[2024-10-21T16:29:13.945-0700][gc,phases   ] GC(4)   Other: 0.06ms
[2024-10-21T16:29:13.945-0700][gc,heap     ] GC(4) Eden regions: 13->0(49)
[2024-10-21T16:29:13.945-0700][gc,heap     ] GC(4) Survivor regions: 7->2(7)
[2024-10-21T16:29:13.945-0700][gc,heap     ] GC(4) Old regions: 11->16
[2024-10-21T16:29:13.945-0700][gc,heap     ] GC(4) Humongous regions: 129->129
[2024-10-21T16:29:13.945-0700][gc,metaspace] GC(4) Metaspace: 35815K(36096K)->35815K(36096K) NonClass: 31648K(31808K)->31648K(31808K) Class: 4166K(4288K)->4166K(4288K)
[2024-10-21T16:29:13.945-0700][gc          ] GC(4) Pause Young (Mixed) (Metadata GC Threshold) 157M->145M(1024M) 2.332ms
[2024-10-21T16:29:13.945-0700][gc,cpu      ] GC(4) User=0.02s Sys=0.00s Real=0.00s
[2024-10-21T16:29:13.953-0700][gc,start    ] GC(5) Pause Young (Concurrent Start) (Metadata GC Threshold)
[2024-10-21T16:29:13.953-0700][gc,task     ] GC(5) Using 8 workers of 8 for evacuation
[2024-10-21T16:29:13.954-0700][gc,phases   ] GC(5)   Pre Evacuate Collection Set: 0.16ms
[2024-10-21T16:29:13.954-0700][gc,phases   ] GC(5)   Merge Heap Roots: 0.04ms
[2024-10-21T16:29:13.954-0700][gc,phases   ] GC(5)   Evacuate Collection Set: 0.42ms
[2024-10-21T16:29:13.954-0700][gc,phases   ] GC(5)   Post Evacuate Collection Set: 0.12ms
[2024-10-21T16:29:13.954-0700][gc,phases   ] GC(5)   Other: 0.04ms
[2024-10-21T16:29:13.954-0700][gc,heap     ] GC(5) Eden regions: 2->0(50)
[2024-10-21T16:29:13.954-0700][gc,heap     ] GC(5) Survivor regions: 2->1(7)
[2024-10-21T16:29:13.954-0700][gc,heap     ] GC(5) Old regions: 16->16
[2024-10-21T16:29:13.954-0700][gc,heap     ] GC(5) Humongous regions: 129->129
[2024-10-21T16:29:13.954-0700][gc,metaspace] GC(5) Metaspace: 36116K(36416K)->36116K(36416K) NonClass: 31909K(32064K)->31909K(32064K) Class: 4207K(4352K)->4207K(4352K)
[2024-10-21T16:29:13.954-0700][gc          ] GC(5) Pause Young (Concurrent Start) (Metadata GC Threshold) 147M->145M(1024M) 0.874ms
[2024-10-21T16:29:13.954-0700][gc          ] GC(6) Concurrent Mark Cycle
[2024-10-21T16:29:13.954-0700][gc,cpu      ] GC(5) User=0.01s Sys=0.00s Real=0.00s
[2024-10-21T16:29:13.954-0700][gc,marking  ] GC(6) Concurrent Scan Root Regions
[2024-10-21T16:29:13.955-0700][gc,marking  ] GC(6) Concurrent Scan Root Regions 0.791ms
[2024-10-21T16:29:13.955-0700][gc,marking  ] GC(6) Concurrent Mark
[2024-10-21T16:29:13.955-0700][gc,marking  ] GC(6) Concurrent Mark From Roots
[2024-10-21T16:29:13.955-0700][gc,task     ] GC(6) Using 2 workers of 2 for marking
[2024-10-21T16:29:13.961-0700][gc,marking  ] GC(6) Concurrent Mark From Roots 6.606ms
[2024-10-21T16:29:13.961-0700][gc,marking  ] GC(6) Concurrent Preclean
[2024-10-21T16:29:13.961-0700][gc,marking  ] GC(6) Concurrent Preclean 0.030ms
[2024-10-21T16:29:13.961-0700][gc,start    ] GC(6) Pause Remark
[2024-10-21T16:29:13.962-0700][gc          ] GC(6) Pause Remark 146M->146M(1024M) 1.032ms
[2024-10-21T16:29:13.962-0700][gc,cpu      ] GC(6) User=0.00s Sys=0.00s Real=0.00s
[2024-10-21T16:29:13.962-0700][gc,marking  ] GC(6) Concurrent Mark 7.794ms
[2024-10-21T16:29:13.962-0700][gc,marking  ] GC(6) Concurrent Rebuild Remembered Sets and Scrub Regions
[2024-10-21T16:29:13.966-0700][gc,marking  ] GC(6) Concurrent Rebuild Remembered Sets and Scrub Regions 3.832ms
[2024-10-21T16:29:13.966-0700][gc,start    ] GC(6) Pause Cleanup
[2024-10-21T16:29:13.966-0700][gc          ] GC(6) Pause Cleanup 146M->146M(1024M) 0.077ms
[2024-10-21T16:29:13.966-0700][gc,cpu      ] GC(6) User=0.00s Sys=0.00s Real=0.00s
[2024-10-21T16:29:13.966-0700][gc,marking  ] GC(6) Concurrent Clear Claimed Marks
[2024-10-21T16:29:13.966-0700][gc,marking  ] GC(6) Concurrent Clear Claimed Marks 0.012ms
[2024-10-21T16:29:13.966-0700][gc,marking  ] GC(6) Concurrent Cleanup for Next Mark
[2024-10-21T16:29:13.967-0700][gc,marking  ] GC(6) Concurrent Cleanup for Next Mark 0.992ms
[2024-10-21T16:29:13.967-0700][gc          ] GC(6) Concurrent Mark Cycle 13.640ms
[2024-10-21T16:45:30.864-0700][gc,start    ] GC(7) Pause Young (Prepare Mixed) (G1 Evacuation Pause)
[2024-10-21T16:45:30.867-0700][gc,task     ] GC(7) Using 8 workers of 8 for evacuation
[2024-10-21T16:45:30.883-0700][gc,phases   ] GC(7)   Pre Evacuate Collection Set: 1.11ms
[2024-10-21T16:45:30.883-0700][gc,phases   ] GC(7)   Merge Heap Roots: 0.29ms
[2024-10-21T16:45:30.883-0700][gc,phases   ] GC(7)   Evacuate Collection Set: 13.14ms
[2024-10-21T16:45:30.883-0700][gc,phases   ] GC(7)   Post Evacuate Collection Set: 1.09ms
[2024-10-21T16:45:30.883-0700][gc,phases   ] GC(7)   Other: 1.23ms
[2024-10-21T16:45:30.883-0700][gc,heap     ] GC(7) Eden regions: 50->0(46)
[2024-10-21T16:45:30.883-0700][gc,heap     ] GC(7) Survivor regions: 1->5(7)
[2024-10-21T16:45:30.883-0700][gc,heap     ] GC(7) Old regions: 16->16
[2024-10-21T16:45:30.883-0700][gc,heap     ] GC(7) Humongous regions: 129->129
[2024-10-21T16:45:30.883-0700][gc,metaspace] GC(7) Metaspace: 40897K(41472K)->40897K(41472K) NonClass: 36022K(36352K)->36022K(36352K) Class: 4875K(5120K)->4875K(5120K)
[2024-10-21T16:45:30.883-0700][gc          ] GC(7) Pause Young (Prepare Mixed) (G1 Evacuation Pause) 195M->148M(1024M) 19.958ms
[2024-10-21T16:45:30.883-0700][gc,cpu      ] GC(7) User=0.03s Sys=0.04s Real=0.02s
[2024-10-21T17:12:03.808-0700][gc,start    ] GC(8) Pause Young (Mixed) (G1 Evacuation Pause)
[2024-10-21T17:12:03.809-0700][gc,task     ] GC(8) Using 8 workers of 8 for evacuation
[2024-10-21T17:12:03.818-0700][gc,phases   ] GC(8)   Pre Evacuate Collection Set: 0.69ms
[2024-10-21T17:12:03.818-0700][gc,phases   ] GC(8)   Merge Heap Roots: 0.17ms
[2024-10-21T17:12:03.818-0700][gc,phases   ] GC(8)   Evacuate Collection Set: 7.59ms
[2024-10-21T17:12:03.818-0700][gc,phases   ] GC(8)   Post Evacuate Collection Set: 0.42ms
[2024-10-21T17:12:03.818-0700][gc,phases   ] GC(8)   Other: 0.61ms
[2024-10-21T17:12:03.818-0700][gc,heap     ] GC(8) Eden regions: 46->0(47)
[2024-10-21T17:12:03.818-0700][gc,heap     ] GC(8) Survivor regions: 5->4(7)
[2024-10-21T17:12:03.818-0700][gc,heap     ] GC(8) Old regions: 16->16
[2024-10-21T17:12:03.818-0700][gc,heap     ] GC(8) Humongous regions: 129->129
[2024-10-21T17:12:03.818-0700][gc,metaspace] GC(8) Metaspace: 41933K(42560K)->41933K(42560K) NonClass: 36874K(37248K)->36874K(37248K) Class: 5058K(5312K)->5058K(5312K)
[2024-10-21T17:12:03.818-0700][gc          ] GC(8) Pause Young (Mixed) (G1 Evacuation Pause) 194M->148M(1024M) 10.698ms
[2024-10-21T17:12:03.818-0700][gc,cpu      ] GC(8) User=0.02s Sys=0.02s Real=0.01s
[2024-10-21T17:12:03.826-0700][gc,heap,exit] Heap
[2024-10-21T17:12:03.826-0700][gc,heap,exit]  garbage-first heap   total reserved 1048576K, committed 1048576K, used 153891K [0x00000007c0000000, 0x0000000800000000)
[2024-10-21T17:12:03.826-0700][gc,heap,exit]   region size 1024K, 7 young (7168K), 4 survivors (4096K)
[2024-10-21T17:12:03.826-0700][gc,heap,exit]  Metaspace       used 41961K, committed 42560K, reserved 1114112K
[2024-10-21T17:12:03.826-0700][gc,heap,exit]   class space    used 5065K, committed 5312K, reserved 1048576K
