[2024-10-21T08:24:16.751-0700][gc,init] CardTable entry size: 512
[2024-10-21T08:24:16.751-0700][gc     ] Using G1
[2024-10-21T08:24:16.753-0700][gc,init] Version: 22.0.2+9-70 (release)
[2024-10-21T08:24:16.753-0700][gc,init] CPUs: 8 total, 8 available
[2024-10-21T08:24:16.753-0700][gc,init] Memory: 8192M
[2024-10-21T08:24:16.753-0700][gc,init] Large Page Support: Disabled
[2024-10-21T08:24:16.753-0700][gc,init] NUMA Support: Disabled
[2024-10-21T08:24:16.753-0700][gc,init] Compressed Oops: Enabled (Zero based)
[2024-10-21T08:24:16.753-0700][gc,init] Heap Region Size: 1M
[2024-10-21T08:24:16.753-0700][gc,init] Heap Min Capacity: 1G
[2024-10-21T08:24:16.753-0700][gc,init] Heap Initial Capacity: 1G
[2024-10-21T08:24:16.753-0700][gc,init] Heap Max Capacity: 1G
[2024-10-21T08:24:16.753-0700][gc,init] Pre-touch: Disabled
[2024-10-21T08:24:16.753-0700][gc,init] Parallel Workers: 8
[2024-10-21T08:24:16.753-0700][gc,init] Concurrent Workers: 2
[2024-10-21T08:24:16.753-0700][gc,init] Concurrent Refinement Workers: 8
[2024-10-21T08:24:16.753-0700][gc,init] Periodic GC: Disabled
[2024-10-21T08:24:16.757-0700][gc,metaspace] CDS archive(s) mapped at: [0x00000ffe00000000-0x00000ffe00c74000-0x00000ffe00c74000), size 13058048, SharedBaseAddress: 0x00000ffe00000000, ArchiveRelocationMode: 1.
[2024-10-21T08:24:16.757-0700][gc,metaspace] Compressed class space mapped at: 0x00000ffe01000000-0x00000ffe41000000, reserved size: 1073741824
[2024-10-21T08:24:16.757-0700][gc,metaspace] Narrow klass base: 0x00000ffe00000000, Narrow klass shift: 0, Narrow klass range: 0x100000000
[2024-10-21T08:24:17.950-0700][gc,start    ] GC(0) Pause Young (Normal) (G1 Evacuation Pause)
[2024-10-21T08:24:17.950-0700][gc,task     ] GC(0) Using 8 workers of 8 for evacuation
[2024-10-21T08:24:17.953-0700][gc,phases   ] GC(0)   Pre Evacuate Collection Set: 0.19ms
[2024-10-21T08:24:17.953-0700][gc,phases   ] GC(0)   Merge Heap Roots: 0.06ms
[2024-10-21T08:24:17.953-0700][gc,phases   ] GC(0)   Evacuate Collection Set: 2.70ms
[2024-10-21T08:24:17.953-0700][gc,phases   ] GC(0)   Post Evacuate Collection Set: 0.29ms
[2024-10-21T08:24:17.953-0700][gc,phases   ] GC(0)   Other: 0.25ms
[2024-10-21T08:24:17.953-0700][gc,heap     ] GC(0) Eden regions: 51->0(44)
[2024-10-21T08:24:17.953-0700][gc,heap     ] GC(0) Survivor regions: 0->7(7)
[2024-10-21T08:24:17.953-0700][gc,heap     ] GC(0) Old regions: 2->3
[2024-10-21T08:24:17.953-0700][gc,heap     ] GC(0) Humongous regions: 0->0
[2024-10-21T08:24:17.953-0700][gc,metaspace] GC(0) Metaspace: 17083K(17280K)->17083K(17280K) NonClass: 15044K(15168K)->15044K(15168K) Class: 2039K(2112K)->2039K(2112K)
[2024-10-21T08:24:17.953-0700][gc          ] GC(0) Pause Young (Normal) (G1 Evacuation Pause) 52M->8M(1024M) 3.701ms
[2024-10-21T08:24:17.953-0700][gc,cpu      ] GC(0) User=0.02s Sys=0.00s Real=0.00s
[2024-10-21T08:24:18.093-0700][gc,start    ] GC(1) Pause Young (Concurrent Start) (Metadata GC Threshold)
[2024-10-21T08:24:18.093-0700][gc,task     ] GC(1) Using 8 workers of 8 for evacuation
[2024-10-21T08:24:18.096-0700][gc,phases   ] GC(1)   Pre Evacuate Collection Set: 0.22ms
[2024-10-21T08:24:18.096-0700][gc,phases   ] GC(1)   Merge Heap Roots: 0.04ms
[2024-10-21T08:24:18.096-0700][gc,phases   ] GC(1)   Evacuate Collection Set: 2.46ms
[2024-10-21T08:24:18.096-0700][gc,phases   ] GC(1)   Post Evacuate Collection Set: 0.20ms
[2024-10-21T08:24:18.096-0700][gc,phases   ] GC(1)   Other: 0.06ms
[2024-10-21T08:24:18.096-0700][gc,heap     ] GC(1) Eden regions: 17->0(49)
[2024-10-21T08:24:18.096-0700][gc,heap     ] GC(1) Survivor regions: 7->2(7)
[2024-10-21T08:24:18.096-0700][gc,heap     ] GC(1) Old regions: 3->10
[2024-10-21T08:24:18.096-0700][gc,heap     ] GC(1) Humongous regions: 0->0
[2024-10-21T08:24:18.096-0700][gc,metaspace] GC(1) Metaspace: 21267K(21504K)->21267K(21504K) NonClass: 18693K(18816K)->18693K(18816K) Class: 2574K(2688K)->2574K(2688K)
[2024-10-21T08:24:18.096-0700][gc          ] GC(1) Pause Young (Concurrent Start) (Metadata GC Threshold) 25M->10M(1024M) 3.143ms
[2024-10-21T08:24:18.096-0700][gc,cpu      ] GC(1) User=0.01s Sys=0.01s Real=0.00s
[2024-10-21T08:24:18.096-0700][gc          ] GC(2) Concurrent Mark Cycle
[2024-10-21T08:24:18.096-0700][gc,marking  ] GC(2) Concurrent Scan Root Regions
[2024-10-21T08:24:18.098-0700][gc,marking  ] GC(2) Concurrent Scan Root Regions 1.565ms
[2024-10-21T08:24:18.098-0700][gc,marking  ] GC(2) Concurrent Mark
[2024-10-21T08:24:18.098-0700][gc,marking  ] GC(2) Concurrent Mark From Roots
[2024-10-21T08:24:18.098-0700][gc,task     ] GC(2) Using 2 workers of 2 for marking
[2024-10-21T08:24:18.099-0700][gc,marking  ] GC(2) Concurrent Mark From Roots 0.923ms
[2024-10-21T08:24:18.099-0700][gc,marking  ] GC(2) Concurrent Preclean
[2024-10-21T08:24:18.099-0700][gc,marking  ] GC(2) Concurrent Preclean 0.007ms
[2024-10-21T08:24:18.099-0700][gc,start    ] GC(2) Pause Remark
[2024-10-21T08:24:18.100-0700][gc          ] GC(2) Pause Remark 10M->10M(1024M) 1.202ms
[2024-10-21T08:24:18.100-0700][gc,cpu      ] GC(2) User=0.01s Sys=0.00s Real=0.01s
[2024-10-21T08:24:18.100-0700][gc,marking  ] GC(2) Concurrent Mark 2.224ms
[2024-10-21T08:24:18.100-0700][gc,marking  ] GC(2) Concurrent Rebuild Remembered Sets and Scrub Regions
[2024-10-21T08:24:18.102-0700][gc,marking  ] GC(2) Concurrent Rebuild Remembered Sets and Scrub Regions 1.766ms
[2024-10-21T08:24:18.102-0700][gc,start    ] GC(2) Pause Cleanup
[2024-10-21T08:24:18.102-0700][gc          ] GC(2) Pause Cleanup 10M->10M(1024M) 0.072ms
[2024-10-21T08:24:18.102-0700][gc,cpu      ] GC(2) User=0.00s Sys=0.00s Real=0.00s
[2024-10-21T08:24:18.102-0700][gc,marking  ] GC(2) Concurrent Clear Claimed Marks
[2024-10-21T08:24:18.102-0700][gc,marking  ] GC(2) Concurrent Clear Claimed Marks 0.011ms
[2024-10-21T08:24:18.102-0700][gc,marking  ] GC(2) Concurrent Cleanup for Next Mark
[2024-10-21T08:24:18.103-0700][gc,marking  ] GC(2) Concurrent Cleanup for Next Mark 1.632ms
[2024-10-21T08:24:18.104-0700][gc          ] GC(2) Concurrent Mark Cycle 7.427ms
[2024-10-21T08:24:18.517-0700][gc,start    ] GC(3) Pause Young (Prepare Mixed) (G1 Evacuation Pause)
[2024-10-21T08:24:18.517-0700][gc,task     ] GC(3) Using 8 workers of 8 for evacuation
[2024-10-21T08:24:18.519-0700][gc,phases   ] GC(3)   Pre Evacuate Collection Set: 0.09ms
[2024-10-21T08:24:18.520-0700][gc,phases   ] GC(3)   Merge Heap Roots: 0.04ms
[2024-10-21T08:24:18.520-0700][gc,phases   ] GC(3)   Evacuate Collection Set: 2.33ms
[2024-10-21T08:24:18.520-0700][gc,phases   ] GC(3)   Post Evacuate Collection Set: 0.28ms
[2024-10-21T08:24:18.520-0700][gc,phases   ] GC(3)   Other: 0.05ms
[2024-10-21T08:24:18.520-0700][gc,heap     ] GC(3) Eden regions: 49->0(44)
[2024-10-21T08:24:18.520-0700][gc,heap     ] GC(3) Survivor regions: 2->7(7)
[2024-10-21T08:24:18.520-0700][gc,heap     ] GC(3) Old regions: 10->10
[2024-10-21T08:24:18.520-0700][gc,heap     ] GC(3) Humongous regions: 129->129
[2024-10-21T08:24:18.520-0700][gc,metaspace] GC(3) Metaspace: 32607K(32960K)->32607K(32960K) NonClass: 28902K(29120K)->28902K(29120K) Class: 3704K(3840K)->3704K(3840K)
[2024-10-21T08:24:18.520-0700][gc          ] GC(3) Pause Young (Prepare Mixed) (G1 Evacuation Pause) 188M->144M(1024M) 2.931ms
[2024-10-21T08:24:18.520-0700][gc,cpu      ] GC(3) User=0.02s Sys=0.00s Real=0.01s
[2024-10-21T08:24:18.662-0700][gc,start    ] GC(4) Pause Young (Mixed) (Metadata GC Threshold)
[2024-10-21T08:24:18.662-0700][gc,task     ] GC(4) Using 8 workers of 8 for evacuation
[2024-10-21T08:24:18.664-0700][gc,phases   ] GC(4)   Pre Evacuate Collection Set: 0.13ms
[2024-10-21T08:24:18.664-0700][gc,phases   ] GC(4)   Merge Heap Roots: 0.04ms
[2024-10-21T08:24:18.665-0700][gc,phases   ] GC(4)   Evacuate Collection Set: 1.74ms
[2024-10-21T08:24:18.665-0700][gc,phases   ] GC(4)   Post Evacuate Collection Set: 0.21ms
[2024-10-21T08:24:18.665-0700][gc,phases   ] GC(4)   Other: 0.05ms
[2024-10-21T08:24:18.665-0700][gc,heap     ] GC(4) Eden regions: 14->0(49)
[2024-10-21T08:24:18.665-0700][gc,heap     ] GC(4) Survivor regions: 7->2(7)
[2024-10-21T08:24:18.665-0700][gc,heap     ] GC(4) Old regions: 10->15
[2024-10-21T08:24:18.665-0700][gc,heap     ] GC(4) Humongous regions: 129->129
[2024-10-21T08:24:18.665-0700][gc,metaspace] GC(4) Metaspace: 35825K(36096K)->35825K(36096K) NonClass: 31656K(31808K)->31656K(31808K) Class: 4168K(4288K)->4168K(4288K)
[2024-10-21T08:24:18.665-0700][gc          ] GC(4) Pause Young (Mixed) (Metadata GC Threshold) 158M->145M(1024M) 2.311ms
[2024-10-21T08:24:18.665-0700][gc,cpu      ] GC(4) User=0.01s Sys=0.00s Real=0.00s
[2024-10-21T08:24:18.670-0700][gc,start    ] GC(5) Pause Young (Concurrent Start) (Metadata GC Threshold)
[2024-10-21T08:24:18.670-0700][gc,task     ] GC(5) Using 8 workers of 8 for evacuation
[2024-10-21T08:24:18.671-0700][gc,phases   ] GC(5)   Pre Evacuate Collection Set: 0.13ms
[2024-10-21T08:24:18.671-0700][gc,phases   ] GC(5)   Merge Heap Roots: 0.03ms
[2024-10-21T08:24:18.671-0700][gc,phases   ] GC(5)   Evacuate Collection Set: 0.42ms
[2024-10-21T08:24:18.671-0700][gc,phases   ] GC(5)   Post Evacuate Collection Set: 0.14ms
[2024-10-21T08:24:18.671-0700][gc,phases   ] GC(5)   Other: 0.04ms
[2024-10-21T08:24:18.671-0700][gc,heap     ] GC(5) Eden regions: 2->0(50)
[2024-10-21T08:24:18.671-0700][gc,heap     ] GC(5) Survivor regions: 2->1(7)
[2024-10-21T08:24:18.671-0700][gc,heap     ] GC(5) Old regions: 15->15
[2024-10-21T08:24:18.671-0700][gc,heap     ] GC(5) Humongous regions: 129->129
[2024-10-21T08:24:18.671-0700][gc,metaspace] GC(5) Metaspace: 36058K(36416K)->36058K(36416K) NonClass: 31855K(32064K)->31855K(32064K) Class: 4202K(4352K)->4202K(4352K)
[2024-10-21T08:24:18.671-0700][gc          ] GC(5) Pause Young (Concurrent Start) (Metadata GC Threshold) 146M->144M(1024M) 0.852ms
[2024-10-21T08:24:18.671-0700][gc          ] GC(6) Concurrent Mark Cycle
[2024-10-21T08:24:18.671-0700][gc,cpu      ] GC(5) User=0.00s Sys=0.01s Real=0.00s
[2024-10-21T08:24:18.671-0700][gc,marking  ] GC(6) Concurrent Scan Root Regions
[2024-10-21T08:24:18.672-0700][gc,marking  ] GC(6) Concurrent Scan Root Regions 0.822ms
[2024-10-21T08:24:18.672-0700][gc,marking  ] GC(6) Concurrent Mark
[2024-10-21T08:24:18.672-0700][gc,marking  ] GC(6) Concurrent Mark From Roots
[2024-10-21T08:24:18.672-0700][gc,task     ] GC(6) Using 2 workers of 2 for marking
[2024-10-21T08:24:18.678-0700][gc,marking  ] GC(6) Concurrent Mark From Roots 6.468ms
[2024-10-21T08:24:18.678-0700][gc,marking  ] GC(6) Concurrent Preclean
[2024-10-21T08:24:18.678-0700][gc,marking  ] GC(6) Concurrent Preclean 0.024ms
[2024-10-21T08:24:18.678-0700][gc,start    ] GC(6) Pause Remark
[2024-10-21T08:24:18.680-0700][gc          ] GC(6) Pause Remark 145M->145M(1024M) 1.109ms
[2024-10-21T08:24:18.680-0700][gc,cpu      ] GC(6) User=0.00s Sys=0.00s Real=0.01s
[2024-10-21T08:24:18.680-0700][gc,marking  ] GC(6) Concurrent Mark 7.717ms
[2024-10-21T08:24:18.680-0700][gc,marking  ] GC(6) Concurrent Rebuild Remembered Sets and Scrub Regions
[2024-10-21T08:24:18.683-0700][gc,marking  ] GC(6) Concurrent Rebuild Remembered Sets and Scrub Regions 3.082ms
[2024-10-21T08:24:18.683-0700][gc,start    ] GC(6) Pause Cleanup
[2024-10-21T08:24:18.683-0700][gc          ] GC(6) Pause Cleanup 145M->145M(1024M) 0.083ms
[2024-10-21T08:24:18.683-0700][gc,cpu      ] GC(6) User=0.00s Sys=0.00s Real=0.00s
[2024-10-21T08:24:18.683-0700][gc,marking  ] GC(6) Concurrent Clear Claimed Marks
[2024-10-21T08:24:18.683-0700][gc,marking  ] GC(6) Concurrent Clear Claimed Marks 0.013ms
[2024-10-21T08:24:18.683-0700][gc,marking  ] GC(6) Concurrent Cleanup for Next Mark
[2024-10-21T08:24:18.684-0700][gc,marking  ] GC(6) Concurrent Cleanup for Next Mark 0.977ms
[2024-10-21T08:24:18.684-0700][gc          ] GC(6) Concurrent Mark Cycle 12.848ms
[2024-10-21T09:36:15.969-0700][gc,start    ] GC(7) Pause Young (Normal) (G1 Evacuation Pause)
[2024-10-21T09:36:15.975-0700][gc,task     ] GC(7) Using 8 workers of 8 for evacuation
[2024-10-21T09:36:16.034-0700][gc,mmu      ] GC(7) MMU target violated: 21.0ms (20.0ms/21.0ms)
[2024-10-21T09:36:16.034-0700][gc,phases   ] GC(7)   Pre Evacuate Collection Set: 3.60ms
[2024-10-21T09:36:16.034-0700][gc,phases   ] GC(7)   Merge Heap Roots: 1.38ms
[2024-10-21T09:36:16.034-0700][gc,phases   ] GC(7)   Evacuate Collection Set: 52.31ms
[2024-10-21T09:36:16.034-0700][gc,phases   ] GC(7)   Post Evacuate Collection Set: 1.08ms
[2024-10-21T09:36:16.034-0700][gc,phases   ] GC(7)   Other: 1.81ms
[2024-10-21T09:36:16.034-0700][gc,heap     ] GC(7) Eden regions: 50->0(49)
[2024-10-21T09:36:16.034-0700][gc,heap     ] GC(7) Survivor regions: 1->2(7)
[2024-10-21T09:36:16.034-0700][gc,heap     ] GC(7) Old regions: 15->15
[2024-10-21T09:36:16.034-0700][gc,heap     ] GC(7) Humongous regions: 129->129
[2024-10-21T09:36:16.034-0700][gc,metaspace] GC(7) Metaspace: 38491K(39040K)->38491K(39040K) NonClass: 33917K(34240K)->33917K(34240K) Class: 4573K(4800K)->4573K(4800K)
[2024-10-21T09:36:16.034-0700][gc          ] GC(7) Pause Young (Normal) (G1 Evacuation Pause) 194M->145M(1024M) 65.558ms
[2024-10-21T09:36:16.034-0700][gc,cpu      ] GC(7) User=0.04s Sys=0.06s Real=0.07s
[2024-10-21T09:44:06.342-0700][gc,heap,exit] Heap
[2024-10-21T09:44:06.342-0700][gc,heap,exit]  garbage-first heap   total reserved 1048576K, committed 1048576K, used 165531K [0x00000007c0000000, 0x0000000800000000)
[2024-10-21T09:44:06.342-0700][gc,heap,exit]   region size 1024K, 18 young (18432K), 2 survivors (2048K)
[2024-10-21T09:44:06.342-0700][gc,heap,exit]  Metaspace       used 39456K, committed 40000K, reserved 1114112K
[2024-10-21T09:44:06.342-0700][gc,heap,exit]   class space    used 4766K, committed 4992K, reserved 1048576K
