[2024-11-05T18:21:35.132-0800][gc,init] CardTable entry size: 512
[2024-11-05T18:21:35.132-0800][gc     ] Using G1
[2024-11-05T18:21:35.134-0800][gc,init] Version: 22.0.2+9-70 (release)
[2024-11-05T18:21:35.134-0800][gc,init] CPUs: 8 total, 8 available
[2024-11-05T18:21:35.134-0800][gc,init] Memory: 8192M
[2024-11-05T18:21:35.134-0800][gc,init] Large Page Support: Disabled
[2024-11-05T18:21:35.134-0800][gc,init] NUMA Support: Disabled
[2024-11-05T18:21:35.134-0800][gc,init] Compressed Oops: Enabled (Zero based)
[2024-11-05T18:21:35.134-0800][gc,init] Heap Region Size: 1M
[2024-11-05T18:21:35.134-0800][gc,init] Heap Min Capacity: 1G
[2024-11-05T18:21:35.134-0800][gc,init] Heap Initial Capacity: 1G
[2024-11-05T18:21:35.134-0800][gc,init] Heap Max Capacity: 1G
[2024-11-05T18:21:35.134-0800][gc,init] Pre-touch: Disabled
[2024-11-05T18:21:35.134-0800][gc,init] Parallel Workers: 8
[2024-11-05T18:21:35.134-0800][gc,init] Concurrent Workers: 2
[2024-11-05T18:21:35.134-0800][gc,init] Concurrent Refinement Workers: 8
[2024-11-05T18:21:35.134-0800][gc,init] Periodic GC: Disabled
[2024-11-05T18:21:35.139-0800][gc,metaspace] CDS archive(s) mapped at: [0x0000008000000000-0x0000008000c74000-0x0000008000c74000), size 13058048, SharedBaseAddress: 0x0000008000000000, ArchiveRelocationMode: 1.
[2024-11-05T18:21:35.139-0800][gc,metaspace] Compressed class space mapped at: 0x0000008001000000-0x0000008041000000, reserved size: 1073741824
[2024-11-05T18:21:35.139-0800][gc,metaspace] Narrow klass base: 0x0000008000000000, Narrow klass shift: 0, Narrow klass range: 0x100000000
[2024-11-05T18:21:36.088-0800][gc,start    ] GC(0) Pause Young (Normal) (G1 Evacuation Pause)
[2024-11-05T18:21:36.089-0800][gc,task     ] GC(0) Using 8 workers of 8 for evacuation
[2024-11-05T18:21:36.092-0800][gc,phases   ] GC(0)   Pre Evacuate Collection Set: 0.14ms
[2024-11-05T18:21:36.092-0800][gc,phases   ] GC(0)   Merge Heap Roots: 0.22ms
[2024-11-05T18:21:36.092-0800][gc,phases   ] GC(0)   Evacuate Collection Set: 2.52ms
[2024-11-05T18:21:36.092-0800][gc,phases   ] GC(0)   Post Evacuate Collection Set: 0.29ms
[2024-11-05T18:21:36.092-0800][gc,phases   ] GC(0)   Other: 0.38ms
[2024-11-05T18:21:36.092-0800][gc,heap     ] GC(0) Eden regions: 51->0(44)
[2024-11-05T18:21:36.092-0800][gc,heap     ] GC(0) Survivor regions: 0->7(7)
[2024-11-05T18:21:36.092-0800][gc,heap     ] GC(0) Old regions: 2->4
[2024-11-05T18:21:36.092-0800][gc,heap     ] GC(0) Humongous regions: 0->0
[2024-11-05T18:21:36.092-0800][gc,metaspace] GC(0) Metaspace: 17058K(17280K)->17058K(17280K) NonClass: 15016K(15168K)->15016K(15168K) Class: 2042K(2112K)->2042K(2112K)
[2024-11-05T18:21:36.092-0800][gc          ] GC(0) Pause Young (Normal) (G1 Evacuation Pause) 52M->9M(1024M) 4.062ms
[2024-11-05T18:21:36.092-0800][gc,cpu      ] GC(0) User=0.02s Sys=0.00s Real=0.01s
[2024-11-05T18:21:36.231-0800][gc,start    ] GC(1) Pause Young (Concurrent Start) (Metadata GC Threshold)
[2024-11-05T18:21:36.231-0800][gc,task     ] GC(1) Using 8 workers of 8 for evacuation
[2024-11-05T18:21:36.233-0800][gc,phases   ] GC(1)   Pre Evacuate Collection Set: 0.14ms
[2024-11-05T18:21:36.233-0800][gc,phases   ] GC(1)   Merge Heap Roots: 0.04ms
[2024-11-05T18:21:36.233-0800][gc,phases   ] GC(1)   Evacuate Collection Set: 1.94ms
[2024-11-05T18:21:36.233-0800][gc,phases   ] GC(1)   Post Evacuate Collection Set: 0.21ms
[2024-11-05T18:21:36.233-0800][gc,phases   ] GC(1)   Other: 0.06ms
[2024-11-05T18:21:36.233-0800][gc,heap     ] GC(1) Eden regions: 17->0(49)
[2024-11-05T18:21:36.233-0800][gc,heap     ] GC(1) Survivor regions: 7->2(7)
[2024-11-05T18:21:36.233-0800][gc,heap     ] GC(1) Old regions: 4->11
[2024-11-05T18:21:36.233-0800][gc,heap     ] GC(1) Humongous regions: 0->0
[2024-11-05T18:21:36.233-0800][gc,metaspace] GC(1) Metaspace: 21293K(21504K)->21293K(21504K) NonClass: 18719K(18816K)->18719K(18816K) Class: 2574K(2688K)->2574K(2688K)
[2024-11-05T18:21:36.233-0800][gc          ] GC(1) Pause Young (Concurrent Start) (Metadata GC Threshold) 25M->10M(1024M) 2.546ms
[2024-11-05T18:21:36.233-0800][gc          ] GC(2) Concurrent Mark Cycle
[2024-11-05T18:21:36.233-0800][gc,cpu      ] GC(1) User=0.02s Sys=0.01s Real=0.00s
[2024-11-05T18:21:36.233-0800][gc,marking  ] GC(2) Concurrent Scan Root Regions
[2024-11-05T18:21:36.235-0800][gc,marking  ] GC(2) Concurrent Scan Root Regions 1.613ms
[2024-11-05T18:21:36.235-0800][gc,marking  ] GC(2) Concurrent Mark
[2024-11-05T18:21:36.235-0800][gc,marking  ] GC(2) Concurrent Mark From Roots
[2024-11-05T18:21:36.235-0800][gc,task     ] GC(2) Using 2 workers of 2 for marking
[2024-11-05T18:21:36.236-0800][gc,marking  ] GC(2) Concurrent Mark From Roots 1.053ms
[2024-11-05T18:21:36.236-0800][gc,marking  ] GC(2) Concurrent Preclean
[2024-11-05T18:21:36.236-0800][gc,marking  ] GC(2) Concurrent Preclean 0.007ms
[2024-11-05T18:21:36.236-0800][gc,start    ] GC(2) Pause Remark
[2024-11-05T18:21:36.237-0800][gc          ] GC(2) Pause Remark 11M->11M(1024M) 1.109ms
[2024-11-05T18:21:36.237-0800][gc,cpu      ] GC(2) User=0.01s Sys=0.00s Real=0.00s
[2024-11-05T18:21:36.237-0800][gc,marking  ] GC(2) Concurrent Mark 2.251ms
[2024-11-05T18:21:36.237-0800][gc,marking  ] GC(2) Concurrent Rebuild Remembered Sets and Scrub Regions
[2024-11-05T18:21:36.239-0800][gc,marking  ] GC(2) Concurrent Rebuild Remembered Sets and Scrub Regions 1.851ms
[2024-11-05T18:21:36.239-0800][gc,start    ] GC(2) Pause Cleanup
[2024-11-05T18:21:36.239-0800][gc          ] GC(2) Pause Cleanup 11M->11M(1024M) 0.071ms
[2024-11-05T18:21:36.239-0800][gc,cpu      ] GC(2) User=0.00s Sys=0.00s Real=0.00s
[2024-11-05T18:21:36.239-0800][gc,marking  ] GC(2) Concurrent Clear Claimed Marks
[2024-11-05T18:21:36.239-0800][gc,marking  ] GC(2) Concurrent Clear Claimed Marks 0.008ms
[2024-11-05T18:21:36.239-0800][gc,marking  ] GC(2) Concurrent Cleanup for Next Mark
[2024-11-05T18:21:36.241-0800][gc,marking  ] GC(2) Concurrent Cleanup for Next Mark 1.422ms
[2024-11-05T18:21:36.241-0800][gc          ] GC(2) Concurrent Mark Cycle 7.374ms
[2024-11-05T18:21:36.647-0800][gc,start    ] GC(3) Pause Young (Prepare Mixed) (G1 Evacuation Pause)
[2024-11-05T18:21:36.647-0800][gc,task     ] GC(3) Using 8 workers of 8 for evacuation
[2024-11-05T18:21:36.650-0800][gc,phases   ] GC(3)   Pre Evacuate Collection Set: 0.16ms
[2024-11-05T18:21:36.650-0800][gc,phases   ] GC(3)   Merge Heap Roots: 0.05ms
[2024-11-05T18:21:36.650-0800][gc,phases   ] GC(3)   Evacuate Collection Set: 2.43ms
[2024-11-05T18:21:36.650-0800][gc,phases   ] GC(3)   Post Evacuate Collection Set: 0.30ms
[2024-11-05T18:21:36.650-0800][gc,phases   ] GC(3)   Other: 0.06ms
[2024-11-05T18:21:36.650-0800][gc,heap     ] GC(3) Eden regions: 49->0(44)
[2024-11-05T18:21:36.650-0800][gc,heap     ] GC(3) Survivor regions: 2->7(7)
[2024-11-05T18:21:36.650-0800][gc,heap     ] GC(3) Old regions: 11->11
[2024-11-05T18:21:36.650-0800][gc,heap     ] GC(3) Humongous regions: 129->129
[2024-11-05T18:21:36.650-0800][gc,metaspace] GC(3) Metaspace: 32639K(32960K)->32639K(32960K) NonClass: 28938K(29120K)->28938K(29120K) Class: 3700K(3840K)->3700K(3840K)
[2024-11-05T18:21:36.650-0800][gc          ] GC(3) Pause Young (Prepare Mixed) (G1 Evacuation Pause) 188M->144M(1024M) 3.118ms
[2024-11-05T18:21:36.650-0800][gc,cpu      ] GC(3) User=0.02s Sys=0.00s Real=0.01s
[2024-11-05T18:21:36.749-0800][gc,start    ] GC(4) Pause Young (Mixed) (Metadata GC Threshold)
[2024-11-05T18:21:36.749-0800][gc,task     ] GC(4) Using 8 workers of 8 for evacuation
[2024-11-05T18:21:36.753-0800][gc,phases   ] GC(4)   Pre Evacuate Collection Set: 0.26ms
[2024-11-05T18:21:36.753-0800][gc,phases   ] GC(4)   Merge Heap Roots: 0.03ms
[2024-11-05T18:21:36.753-0800][gc,phases   ] GC(4)   Evacuate Collection Set: 3.08ms
[2024-11-05T18:21:36.753-0800][gc,phases   ] GC(4)   Post Evacuate Collection Set: 0.27ms
[2024-11-05T18:21:36.753-0800][gc,phases   ] GC(4)   Other: 0.06ms
[2024-11-05T18:21:36.753-0800][gc,heap     ] GC(4) Eden regions: 14->0(49)
[2024-11-05T18:21:36.753-0800][gc,heap     ] GC(4) Survivor regions: 7->2(7)
[2024-11-05T18:21:36.753-0800][gc,heap     ] GC(4) Old regions: 11->16
[2024-11-05T18:21:36.753-0800][gc,heap     ] GC(4) Humongous regions: 129->129
[2024-11-05T18:21:36.753-0800][gc,metaspace] GC(4) Metaspace: 35795K(36096K)->35795K(36096K) NonClass: 31641K(31808K)->31641K(31808K) Class: 4153K(4288K)->4153K(4288K)
[2024-11-05T18:21:36.753-0800][gc          ] GC(4) Pause Young (Mixed) (Metadata GC Threshold) 158M->145M(1024M) 3.857ms
[2024-11-05T18:21:36.753-0800][gc,cpu      ] GC(4) User=0.01s Sys=0.00s Real=0.01s
[2024-11-05T18:21:36.761-0800][gc,start    ] GC(5) Pause Young (Concurrent Start) (Metadata GC Threshold)
[2024-11-05T18:21:36.761-0800][gc,task     ] GC(5) Using 8 workers of 8 for evacuation
[2024-11-05T18:21:36.762-0800][gc,phases   ] GC(5)   Pre Evacuate Collection Set: 0.24ms
[2024-11-05T18:21:36.764-0800][gc,phases   ] GC(5)   Merge Heap Roots: 0.04ms
[2024-11-05T18:21:36.764-0800][gc,phases   ] GC(5)   Evacuate Collection Set: 0.67ms
[2024-11-05T18:21:36.764-0800][gc,phases   ] GC(5)   Post Evacuate Collection Set: 0.20ms
[2024-11-05T18:21:36.764-0800][gc,phases   ] GC(5)   Other: 0.11ms
[2024-11-05T18:21:36.764-0800][gc,heap     ] GC(5) Eden regions: 2->0(50)
[2024-11-05T18:21:36.764-0800][gc,heap     ] GC(5) Survivor regions: 2->1(7)
[2024-11-05T18:21:36.764-0800][gc,heap     ] GC(5) Old regions: 16->16
[2024-11-05T18:21:36.764-0800][gc,heap     ] GC(5) Humongous regions: 129->129
[2024-11-05T18:21:36.764-0800][gc,metaspace] GC(5) Metaspace: 36068K(36416K)->36068K(36416K) NonClass: 31874K(32064K)->31874K(32064K) Class: 4193K(4352K)->4193K(4352K)
[2024-11-05T18:21:36.764-0800][gc          ] GC(5) Pause Young (Concurrent Start) (Metadata GC Threshold) 147M->145M(1024M) 3.140ms
[2024-11-05T18:21:36.764-0800][gc,cpu      ] GC(5) User=0.01s Sys=0.00s Real=0.00s
[2024-11-05T18:21:36.764-0800][gc          ] GC(6) Concurrent Mark Cycle
[2024-11-05T18:21:36.764-0800][gc,marking  ] GC(6) Concurrent Scan Root Regions
[2024-11-05T18:21:36.766-0800][gc,marking  ] GC(6) Concurrent Scan Root Regions 1.709ms
[2024-11-05T18:21:36.766-0800][gc,marking  ] GC(6) Concurrent Mark
[2024-11-05T18:21:36.766-0800][gc,marking  ] GC(6) Concurrent Mark From Roots
[2024-11-05T18:21:36.766-0800][gc,task     ] GC(6) Using 2 workers of 2 for marking
[2024-11-05T18:21:36.774-0800][gc,marking  ] GC(6) Concurrent Mark From Roots 8.154ms
[2024-11-05T18:21:36.774-0800][gc,marking  ] GC(6) Concurrent Preclean
[2024-11-05T18:21:36.774-0800][gc,marking  ] GC(6) Concurrent Preclean 0.056ms
[2024-11-05T18:21:36.774-0800][gc,start    ] GC(6) Pause Remark
[2024-11-05T18:21:36.776-0800][gc          ] GC(6) Pause Remark 146M->146M(1024M) 1.347ms
[2024-11-05T18:21:36.776-0800][gc,cpu      ] GC(6) User=0.01s Sys=0.00s Real=0.00s
[2024-11-05T18:21:36.776-0800][gc,marking  ] GC(6) Concurrent Mark 9.756ms
[2024-11-05T18:21:36.776-0800][gc,marking  ] GC(6) Concurrent Rebuild Remembered Sets and Scrub Regions
[2024-11-05T18:21:36.780-0800][gc,marking  ] GC(6) Concurrent Rebuild Remembered Sets and Scrub Regions 4.553ms
[2024-11-05T18:21:36.781-0800][gc,start    ] GC(6) Pause Cleanup
[2024-11-05T18:21:36.781-0800][gc          ] GC(6) Pause Cleanup 147M->147M(1024M) 0.107ms
[2024-11-05T18:21:36.781-0800][gc,cpu      ] GC(6) User=0.00s Sys=0.00s Real=0.00s
[2024-11-05T18:21:36.781-0800][gc,marking  ] GC(6) Concurrent Clear Claimed Marks
[2024-11-05T18:21:36.781-0800][gc,marking  ] GC(6) Concurrent Clear Claimed Marks 0.022ms
[2024-11-05T18:21:36.781-0800][gc,marking  ] GC(6) Concurrent Cleanup for Next Mark
[2024-11-05T18:21:36.782-0800][gc,marking  ] GC(6) Concurrent Cleanup for Next Mark 1.730ms
[2024-11-05T18:21:36.783-0800][gc          ] GC(6) Concurrent Mark Cycle 18.170ms
[2024-11-05T18:30:33.191-0800][gc,start    ] GC(7) Pause Young (Prepare Mixed) (G1 Evacuation Pause)
[2024-11-05T18:30:33.194-0800][gc,task     ] GC(7) Using 8 workers of 8 for evacuation
[2024-11-05T18:30:33.211-0800][gc,phases   ] GC(7)   Pre Evacuate Collection Set: 1.32ms
[2024-11-05T18:30:33.212-0800][gc,phases   ] GC(7)   Merge Heap Roots: 0.39ms
[2024-11-05T18:30:33.212-0800][gc,phases   ] GC(7)   Evacuate Collection Set: 14.20ms
[2024-11-05T18:30:33.212-0800][gc,phases   ] GC(7)   Post Evacuate Collection Set: 1.41ms
[2024-11-05T18:30:33.212-0800][gc,phases   ] GC(7)   Other: 1.21ms
[2024-11-05T18:30:33.212-0800][gc,heap     ] GC(7) Eden regions: 50->0(46)
[2024-11-05T18:30:33.212-0800][gc,heap     ] GC(7) Survivor regions: 1->5(7)
[2024-11-05T18:30:33.212-0800][gc,heap     ] GC(7) Old regions: 16->16
[2024-11-05T18:30:33.212-0800][gc,heap     ] GC(7) Humongous regions: 129->129
[2024-11-05T18:30:33.212-0800][gc,metaspace] GC(7) Metaspace: 40724K(41344K)->40724K(41344K) NonClass: 35877K(36224K)->35877K(36224K) Class: 4846K(5120K)->4846K(5120K)
[2024-11-05T18:30:33.212-0800][gc          ] GC(7) Pause Young (Prepare Mixed) (G1 Evacuation Pause) 195M->148M(1024M) 21.143ms
[2024-11-05T18:30:33.212-0800][gc,cpu      ] GC(7) User=0.03s Sys=0.04s Real=0.02s
[2024-11-05T18:40:51.387-0800][gc,start    ] GC(8) Pause Young (Mixed) (G1 Evacuation Pause)
[2024-11-05T18:40:51.391-0800][gc,task     ] GC(8) Using 8 workers of 8 for evacuation
[2024-11-05T18:40:51.404-0800][gc,phases   ] GC(8)   Pre Evacuate Collection Set: 1.14ms
[2024-11-05T18:40:51.404-0800][gc,phases   ] GC(8)   Merge Heap Roots: 0.37ms
[2024-11-05T18:40:51.404-0800][gc,phases   ] GC(8)   Evacuate Collection Set: 9.82ms
[2024-11-05T18:40:51.404-0800][gc,phases   ] GC(8)   Post Evacuate Collection Set: 1.01ms
[2024-11-05T18:40:51.404-0800][gc,phases   ] GC(8)   Other: 1.63ms
[2024-11-05T18:40:51.404-0800][gc,heap     ] GC(8) Eden regions: 46->0(49)
[2024-11-05T18:40:51.404-0800][gc,heap     ] GC(8) Survivor regions: 5->2(7)
[2024-11-05T18:40:51.404-0800][gc,heap     ] GC(8) Old regions: 16->17
[2024-11-05T18:40:51.404-0800][gc,heap     ] GC(8) Humongous regions: 129->129
[2024-11-05T18:40:51.404-0800][gc,metaspace] GC(8) Metaspace: 40821K(41472K)->40821K(41472K) NonClass: 35974K(36352K)->35974K(36352K) Class: 4847K(5120K)->4847K(5120K)
[2024-11-05T18:40:51.404-0800][gc          ] GC(8) Pause Young (Mixed) (G1 Evacuation Pause) 194M->147M(1024M) 17.457ms
[2024-11-05T18:40:51.404-0800][gc,cpu      ] GC(8) User=0.03s Sys=0.02s Real=0.02s
[2024-11-05T19:01:01.870-0800][gc,start    ] GC(9) Pause Young (Normal) (G1 Evacuation Pause)
[2024-11-05T19:01:01.872-0800][gc,task     ] GC(9) Using 8 workers of 8 for evacuation
[2024-11-05T19:01:01.889-0800][gc,phases   ] GC(9)   Pre Evacuate Collection Set: 0.99ms
[2024-11-05T19:01:01.889-0800][gc,phases   ] GC(9)   Merge Heap Roots: 0.28ms
[2024-11-05T19:01:01.889-0800][gc,phases   ] GC(9)   Evacuate Collection Set: 13.78ms
[2024-11-05T19:01:01.889-0800][gc,phases   ] GC(9)   Post Evacuate Collection Set: 1.26ms
[2024-11-05T19:01:01.889-0800][gc,phases   ] GC(9)   Other: 1.05ms
[2024-11-05T19:01:01.889-0800][gc,heap     ] GC(9) Eden regions: 49->0(48)
[2024-11-05T19:01:01.889-0800][gc,heap     ] GC(9) Survivor regions: 2->3(7)
[2024-11-05T19:01:01.889-0800][gc,heap     ] GC(9) Old regions: 17->17
[2024-11-05T19:01:01.889-0800][gc,heap     ] GC(9) Humongous regions: 129->129
[2024-11-05T19:01:01.889-0800][gc,metaspace] GC(9) Metaspace: 40971K(41600K)->40971K(41600K) NonClass: 36124K(36480K)->36124K(36480K) Class: 4847K(5120K)->4847K(5120K)
[2024-11-05T19:01:01.889-0800][gc          ] GC(9) Pause Young (Normal) (G1 Evacuation Pause) 196M->148M(1024M) 20.519ms
[2024-11-05T19:01:01.889-0800][gc,cpu      ] GC(9) User=0.01s Sys=0.03s Real=0.02s
[2024-11-05T19:16:11.873-0800][gc,start    ] GC(10) Pause Young (Normal) (G1 Evacuation Pause)
[2024-11-05T19:16:11.876-0800][gc,task     ] GC(10) Using 8 workers of 8 for evacuation
[2024-11-05T19:16:11.887-0800][gc,phases   ] GC(10)   Pre Evacuate Collection Set: 0.99ms
[2024-11-05T19:16:11.888-0800][gc,phases   ] GC(10)   Merge Heap Roots: 0.32ms
[2024-11-05T19:16:11.888-0800][gc,phases   ] GC(10)   Evacuate Collection Set: 8.77ms
[2024-11-05T19:16:11.888-0800][gc,phases   ] GC(10)   Post Evacuate Collection Set: 0.80ms
[2024-11-05T19:16:11.888-0800][gc,phases   ] GC(10)   Other: 1.20ms
[2024-11-05T19:16:11.888-0800][gc,heap     ] GC(10) Eden regions: 48->0(48)
[2024-11-05T19:16:11.888-0800][gc,heap     ] GC(10) Survivor regions: 3->3(7)
[2024-11-05T19:16:11.888-0800][gc,heap     ] GC(10) Old regions: 17->17
[2024-11-05T19:16:11.888-0800][gc,heap     ] GC(10) Humongous regions: 129->129
[2024-11-05T19:16:11.888-0800][gc,metaspace] GC(10) Metaspace: 41062K(41664K)->41062K(41664K) NonClass: 36215K(36544K)->36215K(36544K) Class: 4847K(5120K)->4847K(5120K)
[2024-11-05T19:16:11.888-0800][gc          ] GC(10) Pause Young (Normal) (G1 Evacuation Pause) 196M->148M(1024M) 15.192ms
[2024-11-05T19:16:11.888-0800][gc,cpu      ] GC(10) User=0.02s Sys=0.02s Real=0.01s
[2024-11-05T20:21:59.249-0800][gc,start    ] GC(11) Pause Young (Normal) (G1 Evacuation Pause)
[2024-11-05T20:21:59.250-0800][gc,task     ] GC(11) Using 8 workers of 8 for evacuation
[2024-11-05T20:21:59.257-0800][gc,phases   ] GC(11)   Pre Evacuate Collection Set: 0.80ms
[2024-11-05T20:21:59.257-0800][gc,phases   ] GC(11)   Merge Heap Roots: 0.19ms
[2024-11-05T20:21:59.257-0800][gc,phases   ] GC(11)   Evacuate Collection Set: 5.11ms
[2024-11-05T20:21:59.257-0800][gc,phases   ] GC(11)   Post Evacuate Collection Set: 0.32ms
[2024-11-05T20:21:59.257-0800][gc,phases   ] GC(11)   Other: 0.55ms
[2024-11-05T20:21:59.257-0800][gc,heap     ] GC(11) Eden regions: 48->0(47)
[2024-11-05T20:21:59.257-0800][gc,heap     ] GC(11) Survivor regions: 3->4(7)
[2024-11-05T20:21:59.257-0800][gc,heap     ] GC(11) Old regions: 17->17
[2024-11-05T20:21:59.257-0800][gc,heap     ] GC(11) Humongous regions: 129->129
[2024-11-05T20:21:59.257-0800][gc,metaspace] GC(11) Metaspace: 41936K(42560K)->41936K(42560K) NonClass: 36941K(37312K)->36941K(37312K) Class: 4995K(5248K)->4995K(5248K)
[2024-11-05T20:21:59.257-0800][gc          ] GC(11) Pause Young (Normal) (G1 Evacuation Pause) 196M->149M(1024M) 8.249ms
[2024-11-05T20:21:59.257-0800][gc,cpu      ] GC(11) User=0.01s Sys=0.01s Real=0.01s
[2024-11-05T20:21:59.421-0800][gc,heap,exit] Heap
[2024-11-05T20:21:59.421-0800][gc,heap,exit]  garbage-first heap   total reserved 1048576K, committed 1048576K, used 157385K [0x00000007c0000000, 0x0000000800000000)
[2024-11-05T20:21:59.421-0800][gc,heap,exit]   region size 1024K, 9 young (9216K), 4 survivors (4096K)
[2024-11-05T20:21:59.421-0800][gc,heap,exit]  Metaspace       used 42130K, committed 42752K, reserved 1114112K
[2024-11-05T20:21:59.421-0800][gc,heap,exit]   class space    used 5042K, committed 5312K, reserved 1048576K
