[2024-10-29T09:53:51.989-0700][gc,init] CardTable entry size: 512
[2024-10-29T09:53:51.989-0700][gc     ] Using G1
[2024-10-29T09:53:51.990-0700][gc,init] Version: 22.0.2+9-70 (release)
[2024-10-29T09:53:51.990-0700][gc,init] CPUs: 8 total, 8 available
[2024-10-29T09:53:51.990-0700][gc,init] Memory: 8192M
[2024-10-29T09:53:51.990-0700][gc,init] Large Page Support: Disabled
[2024-10-29T09:53:51.990-0700][gc,init] NUMA Support: Disabled
[2024-10-29T09:53:51.990-0700][gc,init] Compressed Oops: Enabled (Zero based)
[2024-10-29T09:53:51.990-0700][gc,init] Heap Region Size: 1M
[2024-10-29T09:53:51.990-0700][gc,init] Heap Min Capacity: 1G
[2024-10-29T09:53:51.990-0700][gc,init] Heap Initial Capacity: 1G
[2024-10-29T09:53:51.990-0700][gc,init] Heap Max Capacity: 1G
[2024-10-29T09:53:51.990-0700][gc,init] Pre-touch: Disabled
[2024-10-29T09:53:51.990-0700][gc,init] Parallel Workers: 8
[2024-10-29T09:53:51.990-0700][gc,init] Concurrent Workers: 2
[2024-10-29T09:53:51.990-0700][gc,init] Concurrent Refinement Workers: 8
[2024-10-29T09:53:51.990-0700][gc,init] Periodic GC: Disabled
[2024-10-29T09:53:51.993-0700][gc,metaspace] CDS archive(s) mapped at: [0x00000ffc00000000-0x00000ffc00c74000-0x00000ffc00c74000), size 13058048, SharedBaseAddress: 0x00000ffc00000000, ArchiveRelocationMode: 1.
[2024-10-29T09:53:51.993-0700][gc,metaspace] Compressed class space mapped at: 0x00000ffc01000000-0x00000ffc41000000, reserved size: 1073741824
[2024-10-29T09:53:51.993-0700][gc,metaspace] Narrow klass base: 0x00000ffc00000000, Narrow klass shift: 0, Narrow klass range: 0x100000000
[2024-10-29T09:53:52.456-0700][gc,heap,exit] Heap
[2024-10-29T09:53:52.456-0700][gc,heap,exit]  garbage-first heap   total reserved 1048576K, committed 1048576K, used 42513K [0x00000007c0000000, 0x0000000800000000)
[2024-10-29T09:53:52.456-0700][gc,heap,exit]   region size 1024K, 41 young (41984K), 0 survivors (0K)
[2024-10-29T09:53:52.456-0700][gc,heap,exit]  Metaspace       used 13689K, committed 13952K, reserved 1114112K
[2024-10-29T09:53:52.456-0700][gc,heap,exit]   class space    used 1696K, committed 1792K, reserved 1048576K
