[2024-11-05T16:04:01.590-0800][gc,init] CardTable entry size: 512
[2024-11-05T16:04:01.590-0800][gc     ] Using G1
[2024-11-05T16:04:01.592-0800][gc,init] Version: 22.0.2+9-70 (release)
[2024-11-05T16:04:01.592-0800][gc,init] CPUs: 8 total, 8 available
[2024-11-05T16:04:01.592-0800][gc,init] Memory: 8192M
[2024-11-05T16:04:01.592-0800][gc,init] Large Page Support: Disabled
[2024-11-05T16:04:01.592-0800][gc,init] NUMA Support: Disabled
[2024-11-05T16:04:01.592-0800][gc,init] Compressed Oops: Enabled (Zero based)
[2024-11-05T16:04:01.592-0800][gc,init] Heap Region Size: 1M
[2024-11-05T16:04:01.592-0800][gc,init] Heap Min Capacity: 1G
[2024-11-05T16:04:01.592-0800][gc,init] Heap Initial Capacity: 1G
[2024-11-05T16:04:01.592-0800][gc,init] Heap Max Capacity: 1G
[2024-11-05T16:04:01.592-0800][gc,init] Pre-touch: Disabled
[2024-11-05T16:04:01.592-0800][gc,init] Parallel Workers: 8
[2024-11-05T16:04:01.592-0800][gc,init] Concurrent Workers: 2
[2024-11-05T16:04:01.592-0800][gc,init] Concurrent Refinement Workers: 8
[2024-11-05T16:04:01.592-0800][gc,init] Periodic GC: Disabled
[2024-11-05T16:04:01.597-0800][gc,metaspace] CDS archive(s) mapped at: [0x0000000f00000000-0x0000000f00c74000-0x0000000f00c74000), size 13058048, SharedBaseAddress: 0x0000000f00000000, ArchiveRelocationMode: 1.
[2024-11-05T16:04:01.597-0800][gc,metaspace] Compressed class space mapped at: 0x0000000f01000000-0x0000000f41000000, reserved size: 1073741824
[2024-11-05T16:04:01.597-0800][gc,metaspace] Narrow klass base: 0x0000000f00000000, Narrow klass shift: 0, Narrow klass range: 0x100000000
[2024-11-05T16:04:02.569-0800][gc,start    ] GC(0) Pause Young (Normal) (G1 Evacuation Pause)
[2024-11-05T16:04:02.569-0800][gc,task     ] GC(0) Using 8 workers of 8 for evacuation
[2024-11-05T16:04:02.572-0800][gc,phases   ] GC(0)   Pre Evacuate Collection Set: 0.12ms
[2024-11-05T16:04:02.572-0800][gc,phases   ] GC(0)   Merge Heap Roots: 0.05ms
[2024-11-05T16:04:02.572-0800][gc,phases   ] GC(0)   Evacuate Collection Set: 2.12ms
[2024-11-05T16:04:02.572-0800][gc,phases   ] GC(0)   Post Evacuate Collection Set: 0.28ms
[2024-11-05T16:04:02.572-0800][gc,phases   ] GC(0)   Other: 0.24ms
[2024-11-05T16:04:02.572-0800][gc,heap     ] GC(0) Eden regions: 51->0(44)
[2024-11-05T16:04:02.572-0800][gc,heap     ] GC(0) Survivor regions: 0->7(7)
[2024-11-05T16:04:02.572-0800][gc,heap     ] GC(0) Old regions: 2->4
[2024-11-05T16:04:02.572-0800][gc,heap     ] GC(0) Humongous regions: 0->0
[2024-11-05T16:04:02.572-0800][gc,metaspace] GC(0) Metaspace: 17275K(17472K)->17275K(17472K) NonClass: 15215K(15360K)->15215K(15360K) Class: 2059K(2112K)->2059K(2112K)
[2024-11-05T16:04:02.572-0800][gc          ] GC(0) Pause Young (Normal) (G1 Evacuation Pause) 52M->9M(1024M) 2.982ms
[2024-11-05T16:04:02.572-0800][gc,cpu      ] GC(0) User=0.02s Sys=0.00s Real=0.01s
[2024-11-05T16:04:02.718-0800][gc,start    ] GC(1) Pause Young (Concurrent Start) (Metadata GC Threshold)
[2024-11-05T16:04:02.718-0800][gc,task     ] GC(1) Using 8 workers of 8 for evacuation
[2024-11-05T16:04:02.721-0800][gc,phases   ] GC(1)   Pre Evacuate Collection Set: 0.13ms
[2024-11-05T16:04:02.721-0800][gc,phases   ] GC(1)   Merge Heap Roots: 0.04ms
[2024-11-05T16:04:02.721-0800][gc,phases   ] GC(1)   Evacuate Collection Set: 1.76ms
[2024-11-05T16:04:02.721-0800][gc,phases   ] GC(1)   Post Evacuate Collection Set: 0.19ms
[2024-11-05T16:04:02.721-0800][gc,phases   ] GC(1)   Other: 0.06ms
[2024-11-05T16:04:02.721-0800][gc,heap     ] GC(1) Eden regions: 16->0(49)
[2024-11-05T16:04:02.721-0800][gc,heap     ] GC(1) Survivor regions: 7->2(7)
[2024-11-05T16:04:02.721-0800][gc,heap     ] GC(1) Old regions: 4->11
[2024-11-05T16:04:02.721-0800][gc,heap     ] GC(1) Humongous regions: 0->0
[2024-11-05T16:04:02.721-0800][gc,metaspace] GC(1) Metaspace: 21283K(21504K)->21283K(21504K) NonClass: 18723K(18816K)->18723K(18816K) Class: 2559K(2688K)->2559K(2688K)
[2024-11-05T16:04:02.721-0800][gc          ] GC(1) Pause Young (Concurrent Start) (Metadata GC Threshold) 24M->10M(1024M) 2.304ms
[2024-11-05T16:04:02.721-0800][gc          ] GC(2) Concurrent Mark Cycle
[2024-11-05T16:04:02.721-0800][gc,cpu      ] GC(1) User=0.02s Sys=0.00s Real=0.01s
[2024-11-05T16:04:02.721-0800][gc,marking  ] GC(2) Concurrent Scan Root Regions
[2024-11-05T16:04:02.722-0800][gc,marking  ] GC(2) Concurrent Scan Root Regions 1.464ms
[2024-11-05T16:04:02.722-0800][gc,marking  ] GC(2) Concurrent Mark
[2024-11-05T16:04:02.722-0800][gc,marking  ] GC(2) Concurrent Mark From Roots
[2024-11-05T16:04:02.722-0800][gc,task     ] GC(2) Using 2 workers of 2 for marking
[2024-11-05T16:04:02.723-0800][gc,marking  ] GC(2) Concurrent Mark From Roots 0.904ms
[2024-11-05T16:04:02.723-0800][gc,marking  ] GC(2) Concurrent Preclean
[2024-11-05T16:04:02.723-0800][gc,marking  ] GC(2) Concurrent Preclean 0.007ms
[2024-11-05T16:04:02.723-0800][gc,start    ] GC(2) Pause Remark
[2024-11-05T16:04:02.724-0800][gc          ] GC(2) Pause Remark 11M->11M(1024M) 0.961ms
[2024-11-05T16:04:02.724-0800][gc,cpu      ] GC(2) User=0.00s Sys=0.00s Real=0.00s
[2024-11-05T16:04:02.724-0800][gc,marking  ] GC(2) Concurrent Mark 1.971ms
[2024-11-05T16:04:02.724-0800][gc,marking  ] GC(2) Concurrent Rebuild Remembered Sets and Scrub Regions
[2024-11-05T16:04:02.726-0800][gc,marking  ] GC(2) Concurrent Rebuild Remembered Sets and Scrub Regions 1.531ms
[2024-11-05T16:04:02.726-0800][gc,start    ] GC(2) Pause Cleanup
[2024-11-05T16:04:02.726-0800][gc          ] GC(2) Pause Cleanup 11M->11M(1024M) 0.109ms
[2024-11-05T16:04:02.726-0800][gc,cpu      ] GC(2) User=0.00s Sys=0.00s Real=0.00s
[2024-11-05T16:04:02.726-0800][gc,marking  ] GC(2) Concurrent Clear Claimed Marks
[2024-11-05T16:04:02.726-0800][gc,marking  ] GC(2) Concurrent Clear Claimed Marks 0.010ms
[2024-11-05T16:04:02.726-0800][gc,marking  ] GC(2) Concurrent Cleanup for Next Mark
[2024-11-05T16:04:02.727-0800][gc,marking  ] GC(2) Concurrent Cleanup for Next Mark 1.484ms
[2024-11-05T16:04:02.727-0800][gc          ] GC(2) Concurrent Mark Cycle 6.735ms
[2024-11-05T16:04:03.098-0800][gc,start    ] GC(3) Pause Young (Prepare Mixed) (G1 Evacuation Pause)
[2024-11-05T16:04:03.098-0800][gc,task     ] GC(3) Using 8 workers of 8 for evacuation
[2024-11-05T16:04:03.102-0800][gc,phases   ] GC(3)   Pre Evacuate Collection Set: 0.17ms
[2024-11-05T16:04:03.102-0800][gc,phases   ] GC(3)   Merge Heap Roots: 0.06ms
[2024-11-05T16:04:03.102-0800][gc,phases   ] GC(3)   Evacuate Collection Set: 2.50ms
[2024-11-05T16:04:03.102-0800][gc,phases   ] GC(3)   Post Evacuate Collection Set: 0.23ms
[2024-11-05T16:04:03.102-0800][gc,phases   ] GC(3)   Other: 0.05ms
[2024-11-05T16:04:03.102-0800][gc,heap     ] GC(3) Eden regions: 49->0(44)
[2024-11-05T16:04:03.102-0800][gc,heap     ] GC(3) Survivor regions: 2->7(7)
[2024-11-05T16:04:03.102-0800][gc,heap     ] GC(3) Old regions: 11->11
[2024-11-05T16:04:03.102-0800][gc,heap     ] GC(3) Humongous regions: 129->129
[2024-11-05T16:04:03.102-0800][gc,metaspace] GC(3) Metaspace: 32494K(32832K)->32494K(32832K) NonClass: 28840K(29056K)->28840K(29056K) Class: 3654K(3776K)->3654K(3776K)
[2024-11-05T16:04:03.102-0800][gc          ] GC(3) Pause Young (Prepare Mixed) (G1 Evacuation Pause) 188M->144M(1024M) 3.154ms
[2024-11-05T16:04:03.102-0800][gc,cpu      ] GC(3) User=0.01s Sys=0.01s Real=0.01s
[2024-11-05T16:04:03.254-0800][gc,start    ] GC(4) Pause Young (Mixed) (Metadata GC Threshold)
[2024-11-05T16:04:03.254-0800][gc,task     ] GC(4) Using 8 workers of 8 for evacuation
[2024-11-05T16:04:03.256-0800][gc,phases   ] GC(4)   Pre Evacuate Collection Set: 0.15ms
[2024-11-05T16:04:03.256-0800][gc,phases   ] GC(4)   Merge Heap Roots: 0.04ms
[2024-11-05T16:04:03.256-0800][gc,phases   ] GC(4)   Evacuate Collection Set: 2.27ms
[2024-11-05T16:04:03.256-0800][gc,phases   ] GC(4)   Post Evacuate Collection Set: 0.25ms
[2024-11-05T16:04:03.256-0800][gc,phases   ] GC(4)   Other: 0.06ms
[2024-11-05T16:04:03.256-0800][gc,heap     ] GC(4) Eden regions: 14->0(49)
[2024-11-05T16:04:03.256-0800][gc,heap     ] GC(4) Survivor regions: 7->2(7)
[2024-11-05T16:04:03.256-0800][gc,heap     ] GC(4) Old regions: 11->16
[2024-11-05T16:04:03.256-0800][gc,heap     ] GC(4) Humongous regions: 129->129
[2024-11-05T16:04:03.257-0800][gc,metaspace] GC(4) Metaspace: 35576K(35968K)->35576K(35968K) NonClass: 31501K(31744K)->31501K(31744K) Class: 4074K(4224K)->4074K(4224K)
[2024-11-05T16:04:03.257-0800][gc          ] GC(4) Pause Young (Mixed) (Metadata GC Threshold) 157M->145M(1024M) 2.951ms
[2024-11-05T16:04:03.257-0800][gc,cpu      ] GC(4) User=0.01s Sys=0.00s Real=0.00s
[2024-11-05T16:04:03.269-0800][gc,start    ] GC(5) Pause Young (Concurrent Start) (Metadata GC Threshold)
[2024-11-05T16:04:03.269-0800][gc,task     ] GC(5) Using 8 workers of 8 for evacuation
[2024-11-05T16:04:03.269-0800][gc,phases   ] GC(5)   Pre Evacuate Collection Set: 0.17ms
[2024-11-05T16:04:03.269-0800][gc,phases   ] GC(5)   Merge Heap Roots: 0.03ms
[2024-11-05T16:04:03.269-0800][gc,phases   ] GC(5)   Evacuate Collection Set: 0.41ms
[2024-11-05T16:04:03.269-0800][gc,phases   ] GC(5)   Post Evacuate Collection Set: 0.14ms
[2024-11-05T16:04:03.269-0800][gc,phases   ] GC(5)   Other: 0.04ms
[2024-11-05T16:04:03.269-0800][gc,heap     ] GC(5) Eden regions: 2->0(50)
[2024-11-05T16:04:03.269-0800][gc,heap     ] GC(5) Survivor regions: 2->1(7)
[2024-11-05T16:04:03.269-0800][gc,heap     ] GC(5) Old regions: 16->16
[2024-11-05T16:04:03.269-0800][gc,heap     ] GC(5) Humongous regions: 129->129
[2024-11-05T16:04:03.269-0800][gc,metaspace] GC(5) Metaspace: 35978K(36288K)->35978K(36288K) NonClass: 31850K(32000K)->31850K(32000K) Class: 4128K(4288K)->4128K(4288K)
[2024-11-05T16:04:03.269-0800][gc          ] GC(5) Pause Young (Concurrent Start) (Metadata GC Threshold) 147M->145M(1024M) 0.891ms
[2024-11-05T16:04:03.269-0800][gc          ] GC(6) Concurrent Mark Cycle
[2024-11-05T16:04:03.269-0800][gc,cpu      ] GC(5) User=0.00s Sys=0.00s Real=0.00s
[2024-11-05T16:04:03.269-0800][gc,marking  ] GC(6) Concurrent Scan Root Regions
[2024-11-05T16:04:03.270-0800][gc,marking  ] GC(6) Concurrent Scan Root Regions 0.794ms
[2024-11-05T16:04:03.270-0800][gc,marking  ] GC(6) Concurrent Mark
[2024-11-05T16:04:03.270-0800][gc,marking  ] GC(6) Concurrent Mark From Roots
[2024-11-05T16:04:03.270-0800][gc,task     ] GC(6) Using 2 workers of 2 for marking
[2024-11-05T16:04:03.277-0800][gc,marking  ] GC(6) Concurrent Mark From Roots 6.925ms
[2024-11-05T16:04:03.277-0800][gc,marking  ] GC(6) Concurrent Preclean
[2024-11-05T16:04:03.277-0800][gc,marking  ] GC(6) Concurrent Preclean 0.029ms
[2024-11-05T16:04:03.277-0800][gc,start    ] GC(6) Pause Remark
[2024-11-05T16:04:03.278-0800][gc          ] GC(6) Pause Remark 147M->147M(1024M) 1.021ms
[2024-11-05T16:04:03.278-0800][gc,cpu      ] GC(6) User=0.00s Sys=0.00s Real=0.00s
[2024-11-05T16:04:03.278-0800][gc,marking  ] GC(6) Concurrent Mark 8.151ms
[2024-11-05T16:04:03.278-0800][gc,marking  ] GC(6) Concurrent Rebuild Remembered Sets and Scrub Regions
[2024-11-05T16:04:03.282-0800][gc,marking  ] GC(6) Concurrent Rebuild Remembered Sets and Scrub Regions 3.498ms
[2024-11-05T16:04:03.282-0800][gc,start    ] GC(6) Pause Cleanup
[2024-11-05T16:04:03.282-0800][gc          ] GC(6) Pause Cleanup 147M->147M(1024M) 0.080ms
[2024-11-05T16:04:03.282-0800][gc,cpu      ] GC(6) User=0.00s Sys=0.00s Real=0.00s
[2024-11-05T16:04:03.282-0800][gc,marking  ] GC(6) Concurrent Clear Claimed Marks
[2024-11-05T16:04:03.282-0800][gc,marking  ] GC(6) Concurrent Clear Claimed Marks 0.013ms
[2024-11-05T16:04:03.282-0800][gc,marking  ] GC(6) Concurrent Cleanup for Next Mark
[2024-11-05T16:04:03.283-0800][gc,marking  ] GC(6) Concurrent Cleanup for Next Mark 0.944ms
[2024-11-05T16:04:03.283-0800][gc          ] GC(6) Concurrent Mark Cycle 13.657ms
[2024-11-05T16:14:39.832-0800][gc,start    ] GC(7) Pause Young (Prepare Mixed) (G1 Evacuation Pause)
[2024-11-05T16:14:39.835-0800][gc,task     ] GC(7) Using 8 workers of 8 for evacuation
[2024-11-05T16:14:39.850-0800][gc,phases   ] GC(7)   Pre Evacuate Collection Set: 1.28ms
[2024-11-05T16:14:39.850-0800][gc,phases   ] GC(7)   Merge Heap Roots: 0.38ms
[2024-11-05T16:14:39.850-0800][gc,phases   ] GC(7)   Evacuate Collection Set: 11.91ms
[2024-11-05T16:14:39.850-0800][gc,phases   ] GC(7)   Post Evacuate Collection Set: 1.16ms
[2024-11-05T16:14:39.850-0800][gc,phases   ] GC(7)   Other: 1.15ms
[2024-11-05T16:14:39.850-0800][gc,heap     ] GC(7) Eden regions: 50->0(46)
[2024-11-05T16:14:39.850-0800][gc,heap     ] GC(7) Survivor regions: 1->5(7)
[2024-11-05T16:14:39.850-0800][gc,heap     ] GC(7) Old regions: 16->16
[2024-11-05T16:14:39.850-0800][gc,heap     ] GC(7) Humongous regions: 129->129
[2024-11-05T16:14:39.850-0800][gc,metaspace] GC(7) Metaspace: 39692K(40256K)->39692K(40256K) NonClass: 34987K(35328K)->34987K(35328K) Class: 4705K(4928K)->4705K(4928K)
[2024-11-05T16:14:39.850-0800][gc          ] GC(7) Pause Young (Prepare Mixed) (G1 Evacuation Pause) 195M->149M(1024M) 17.994ms
[2024-11-05T16:14:39.850-0800][gc,cpu      ] GC(7) User=0.03s Sys=0.03s Real=0.02s
[2024-11-05T16:30:58.625-0800][gc,start    ] GC(8) Pause Young (Mixed) (G1 Evacuation Pause)
[2024-11-05T16:30:58.628-0800][gc,task     ] GC(8) Using 8 workers of 8 for evacuation
[2024-11-05T16:30:58.643-0800][gc,phases   ] GC(8)   Pre Evacuate Collection Set: 1.40ms
[2024-11-05T16:30:58.643-0800][gc,phases   ] GC(8)   Merge Heap Roots: 0.54ms
[2024-11-05T16:30:58.643-0800][gc,phases   ] GC(8)   Evacuate Collection Set: 10.89ms
[2024-11-05T16:30:58.643-0800][gc,phases   ] GC(8)   Post Evacuate Collection Set: 1.19ms
[2024-11-05T16:30:58.643-0800][gc,phases   ] GC(8)   Other: 1.14ms
[2024-11-05T16:30:58.643-0800][gc,heap     ] GC(8) Eden regions: 46->0(48)
[2024-11-05T16:30:58.643-0800][gc,heap     ] GC(8) Survivor regions: 5->3(7)
[2024-11-05T16:30:58.643-0800][gc,heap     ] GC(8) Old regions: 16->18
[2024-11-05T16:30:58.643-0800][gc,heap     ] GC(8) Humongous regions: 129->129
[2024-11-05T16:30:58.643-0800][gc,metaspace] GC(8) Metaspace: 41250K(41856K)->41250K(41856K) NonClass: 36340K(36672K)->36340K(36672K) Class: 4910K(5184K)->4910K(5184K)
[2024-11-05T16:30:58.644-0800][gc          ] GC(8) Pause Young (Mixed) (G1 Evacuation Pause) 195M->148M(1024M) 19.000ms
[2024-11-05T16:30:58.644-0800][gc,cpu      ] GC(8) User=0.02s Sys=0.03s Real=0.02s
[2024-11-05T16:42:48.587-0800][gc,start    ] GC(9) Pause Young (Normal) (G1 Evacuation Pause)
[2024-11-05T16:42:48.589-0800][gc,task     ] GC(9) Using 8 workers of 8 for evacuation
[2024-11-05T16:42:48.603-0800][gc,phases   ] GC(9)   Pre Evacuate Collection Set: 1.22ms
[2024-11-05T16:42:48.603-0800][gc,phases   ] GC(9)   Merge Heap Roots: 0.13ms
[2024-11-05T16:42:48.603-0800][gc,phases   ] GC(9)   Evacuate Collection Set: 11.76ms
[2024-11-05T16:42:48.603-0800][gc,phases   ] GC(9)   Post Evacuate Collection Set: 0.74ms
[2024-11-05T16:42:48.603-0800][gc,phases   ] GC(9)   Other: 0.38ms
[2024-11-05T16:42:48.603-0800][gc,heap     ] GC(9) Eden regions: 48->0(48)
[2024-11-05T16:42:48.603-0800][gc,heap     ] GC(9) Survivor regions: 3->3(7)
[2024-11-05T16:42:48.603-0800][gc,heap     ] GC(9) Old regions: 18->18
[2024-11-05T16:42:48.603-0800][gc,heap     ] GC(9) Humongous regions: 129->129
[2024-11-05T16:42:48.603-0800][gc,metaspace] GC(9) Metaspace: 41311K(41920K)->41311K(41920K) NonClass: 36400K(36736K)->36400K(36736K) Class: 4910K(5184K)->4910K(5184K)
[2024-11-05T16:42:48.603-0800][gc          ] GC(9) Pause Young (Normal) (G1 Evacuation Pause) 196M->149M(1024M) 16.057ms
[2024-11-05T16:42:48.603-0800][gc,cpu      ] GC(9) User=0.02s Sys=0.02s Real=0.02s
[2024-11-05T16:55:34.988-0800][gc,start    ] GC(10) Pause Young (Normal) (G1 Evacuation Pause)
[2024-11-05T16:55:34.992-0800][gc,task     ] GC(10) Using 8 workers of 8 for evacuation
[2024-11-05T16:55:35.003-0800][gc,phases   ] GC(10)   Pre Evacuate Collection Set: 1.09ms
[2024-11-05T16:55:35.003-0800][gc,phases   ] GC(10)   Merge Heap Roots: 0.24ms
[2024-11-05T16:55:35.003-0800][gc,phases   ] GC(10)   Evacuate Collection Set: 8.29ms
[2024-11-05T16:55:35.003-0800][gc,phases   ] GC(10)   Post Evacuate Collection Set: 0.61ms
[2024-11-05T16:55:35.003-0800][gc,phases   ] GC(10)   Other: 1.27ms
[2024-11-05T16:55:35.003-0800][gc,heap     ] GC(10) Eden regions: 48->0(47)
[2024-11-05T16:55:35.003-0800][gc,heap     ] GC(10) Survivor regions: 3->4(7)
[2024-11-05T16:55:35.003-0800][gc,heap     ] GC(10) Old regions: 18->18
[2024-11-05T16:55:35.003-0800][gc,heap     ] GC(10) Humongous regions: 129->129
[2024-11-05T16:55:35.003-0800][gc,metaspace] GC(10) Metaspace: 41363K(41984K)->41363K(41984K) NonClass: 36452K(36800K)->36452K(36800K) Class: 4910K(5184K)->4910K(5184K)
[2024-11-05T16:55:35.003-0800][gc          ] GC(10) Pause Young (Normal) (G1 Evacuation Pause) 197M->150M(1024M) 15.429ms
[2024-11-05T16:55:35.003-0800][gc,cpu      ] GC(10) User=0.01s Sys=0.01s Real=0.02s
[2024-11-05T17:10:51.172-0800][gc,start    ] GC(11) Pause Young (Normal) (G1 Evacuation Pause)
[2024-11-05T17:10:51.175-0800][gc,task     ] GC(11) Using 8 workers of 8 for evacuation
[2024-11-05T17:10:51.187-0800][gc,phases   ] GC(11)   Pre Evacuate Collection Set: 1.35ms
[2024-11-05T17:10:51.187-0800][gc,phases   ] GC(11)   Merge Heap Roots: 0.39ms
[2024-11-05T17:10:51.187-0800][gc,phases   ] GC(11)   Evacuate Collection Set: 9.71ms
[2024-11-05T17:10:51.187-0800][gc,phases   ] GC(11)   Post Evacuate Collection Set: 0.80ms
[2024-11-05T17:10:51.188-0800][gc,phases   ] GC(11)   Other: 1.31ms
[2024-11-05T17:10:51.188-0800][gc,heap     ] GC(11) Eden regions: 47->0(47)
[2024-11-05T17:10:51.188-0800][gc,heap     ] GC(11) Survivor regions: 4->4(7)
[2024-11-05T17:10:51.188-0800][gc,heap     ] GC(11) Old regions: 18->18
[2024-11-05T17:10:51.188-0800][gc,heap     ] GC(11) Humongous regions: 129->129
[2024-11-05T17:10:51.188-0800][gc,metaspace] GC(11) Metaspace: 41453K(42048K)->41453K(42048K) NonClass: 36539K(36864K)->36539K(36864K) Class: 4914K(5184K)->4914K(5184K)
[2024-11-05T17:10:51.188-0800][gc          ] GC(11) Pause Young (Normal) (G1 Evacuation Pause) 197M->149M(1024M) 16.600ms
[2024-11-05T17:10:51.188-0800][gc,cpu      ] GC(11) User=0.02s Sys=0.02s Real=0.01s
[2024-11-05T17:23:19.493-0800][gc,start    ] GC(12) Pause Young (Normal) (G1 Evacuation Pause)
[2024-11-05T17:23:19.495-0800][gc,task     ] GC(12) Using 8 workers of 8 for evacuation
[2024-11-05T17:23:19.506-0800][gc,phases   ] GC(12)   Pre Evacuate Collection Set: 1.32ms
[2024-11-05T17:23:19.506-0800][gc,phases   ] GC(12)   Merge Heap Roots: 0.24ms
[2024-11-05T17:23:19.506-0800][gc,phases   ] GC(12)   Evacuate Collection Set: 6.97ms
[2024-11-05T17:23:19.506-0800][gc,phases   ] GC(12)   Post Evacuate Collection Set: 1.25ms
[2024-11-05T17:23:19.506-0800][gc,phases   ] GC(12)   Other: 1.17ms
[2024-11-05T17:23:19.506-0800][gc,heap     ] GC(12) Eden regions: 47->0(47)
[2024-11-05T17:23:19.506-0800][gc,heap     ] GC(12) Survivor regions: 4->4(7)
[2024-11-05T17:23:19.506-0800][gc,heap     ] GC(12) Old regions: 18->18
[2024-11-05T17:23:19.506-0800][gc,heap     ] GC(12) Humongous regions: 129->129
[2024-11-05T17:23:19.506-0800][gc,metaspace] GC(12) Metaspace: 41457K(42048K)->41457K(42048K) NonClass: 36543K(36864K)->36543K(36864K) Class: 4914K(5184K)->4914K(5184K)
[2024-11-05T17:23:19.506-0800][gc          ] GC(12) Pause Young (Normal) (G1 Evacuation Pause) 196M->149M(1024M) 14.671ms
[2024-11-05T17:23:19.506-0800][gc,cpu      ] GC(12) User=0.02s Sys=0.02s Real=0.01s
[2024-11-05T17:34:28.022-0800][gc,start    ] GC(13) Pause Young (Normal) (G1 Evacuation Pause)
[2024-11-05T17:34:28.023-0800][gc,task     ] GC(13) Using 8 workers of 8 for evacuation
[2024-11-05T17:34:28.029-0800][gc,phases   ] GC(13)   Pre Evacuate Collection Set: 0.81ms
[2024-11-05T17:34:28.029-0800][gc,phases   ] GC(13)   Merge Heap Roots: 0.17ms
[2024-11-05T17:34:28.029-0800][gc,phases   ] GC(13)   Evacuate Collection Set: 4.74ms
[2024-11-05T17:34:28.029-0800][gc,phases   ] GC(13)   Post Evacuate Collection Set: 0.36ms
[2024-11-05T17:34:28.029-0800][gc,phases   ] GC(13)   Other: 0.55ms
[2024-11-05T17:34:28.029-0800][gc,heap     ] GC(13) Eden regions: 47->0(82)
[2024-11-05T17:34:28.029-0800][gc,heap     ] GC(13) Survivor regions: 4->3(7)
[2024-11-05T17:34:28.029-0800][gc,heap     ] GC(13) Old regions: 18->18
[2024-11-05T17:34:28.029-0800][gc,heap     ] GC(13) Humongous regions: 129->129
[2024-11-05T17:34:28.029-0800][gc,metaspace] GC(13) Metaspace: 42178K(42752K)->42178K(42752K) NonClass: 37119K(37440K)->37119K(37440K) Class: 5058K(5312K)->5058K(5312K)
[2024-11-05T17:34:28.029-0800][gc          ] GC(13) Pause Young (Normal) (G1 Evacuation Pause) 196M->149M(1024M) 7.775ms
[2024-11-05T17:34:28.029-0800][gc,cpu      ] GC(13) User=0.01s Sys=0.02s Real=0.00s
[2024-11-05T17:34:28.172-0800][gc,heap,exit] Heap
[2024-11-05T17:34:28.172-0800][gc,heap,exit]  garbage-first heap   total reserved 1048576K, committed 1048576K, used 157005K [0x00000007c0000000, 0x0000000800000000)
[2024-11-05T17:34:28.172-0800][gc,heap,exit]   region size 1024K, 8 young (8192K), 3 survivors (3072K)
[2024-11-05T17:34:28.172-0800][gc,heap,exit]  Metaspace       used 42360K, committed 42944K, reserved 1114112K
[2024-11-05T17:34:28.172-0800][gc,heap,exit]   class space    used 5103K, committed 5376K, reserved 1048576K
