[2024-11-05T16:03:17.797-0800][gc,init] CardTable entry size: 512
[2024-11-05T16:03:17.797-0800][gc     ] Using G1
[2024-11-05T16:03:17.798-0800][gc,init] Version: 22.0.2+9-70 (release)
[2024-11-05T16:03:17.798-0800][gc,init] CPUs: 8 total, 8 available
[2024-11-05T16:03:17.798-0800][gc,init] Memory: 8192M
[2024-11-05T16:03:17.798-0800][gc,init] Large Page Support: Disabled
[2024-11-05T16:03:17.798-0800][gc,init] NUMA Support: Disabled
[2024-11-05T16:03:17.798-0800][gc,init] Compressed Oops: Enabled (Zero based)
[2024-11-05T16:03:17.798-0800][gc,init] Heap Region Size: 1M
[2024-11-05T16:03:17.798-0800][gc,init] Heap Min Capacity: 512M
[2024-11-05T16:03:17.798-0800][gc,init] Heap Initial Capacity: 512M
[2024-11-05T16:03:17.798-0800][gc,init] Heap Max Capacity: 512M
[2024-11-05T16:03:17.798-0800][gc,init] Pre-touch: Disabled
[2024-11-05T16:03:17.798-0800][gc,init] Parallel Workers: 8
[2024-11-05T16:03:17.798-0800][gc,init] Concurrent Workers: 2
[2024-11-05T16:03:17.798-0800][gc,init] Concurrent Refinement Workers: 8
[2024-11-05T16:03:17.798-0800][gc,init] Periodic GC: Disabled
[2024-11-05T16:03:17.804-0800][gc,metaspace] CDS archive(s) mapped at: [0x00001f8000000000-0x00001f8000c74000-0x00001f8000c74000), size 13058048, SharedBaseAddress: 0x00001f8000000000, ArchiveRelocationMode: 1.
[2024-11-05T16:03:17.804-0800][gc,metaspace] Compressed class space mapped at: 0x00001f8001000000-0x00001f8041000000, reserved size: 1073741824
[2024-11-05T16:03:17.804-0800][gc,metaspace] Narrow klass base: 0x00001f8000000000, Narrow klass shift: 0, Narrow klass range: 0x100000000
[2024-11-05T16:03:18.362-0800][gc,start    ] GC(0) Pause Young (Normal) (G1 Evacuation Pause)
[2024-11-05T16:03:18.362-0800][gc,task     ] GC(0) Using 8 workers of 8 for evacuation
[2024-11-05T16:03:18.365-0800][gc,phases   ] GC(0)   Pre Evacuate Collection Set: 0.12ms
[2024-11-05T16:03:18.365-0800][gc,phases   ] GC(0)   Merge Heap Roots: 0.07ms
[2024-11-05T16:03:18.365-0800][gc,phases   ] GC(0)   Evacuate Collection Set: 2.15ms
[2024-11-05T16:03:18.365-0800][gc,phases   ] GC(0)   Post Evacuate Collection Set: 0.25ms
[2024-11-05T16:03:18.365-0800][gc,phases   ] GC(0)   Other: 0.22ms
[2024-11-05T16:03:18.365-0800][gc,heap     ] GC(0) Eden regions: 25->0(21)
[2024-11-05T16:03:18.365-0800][gc,heap     ] GC(0) Survivor regions: 0->4(4)
[2024-11-05T16:03:18.365-0800][gc,heap     ] GC(0) Old regions: 2->7
[2024-11-05T16:03:18.365-0800][gc,heap     ] GC(0) Humongous regions: 0->0
[2024-11-05T16:03:18.365-0800][gc,metaspace] GC(0) Metaspace: 7737K(7936K)->7737K(7936K) NonClass: 6893K(7040K)->6893K(7040K) Class: 843K(896K)->843K(896K)
[2024-11-05T16:03:18.365-0800][gc          ] GC(0) Pause Young (Normal) (G1 Evacuation Pause) 26M->9M(512M) 3.001ms
[2024-11-05T16:03:18.365-0800][gc,cpu      ] GC(0) User=0.01s Sys=0.00s Real=0.00s
[2024-11-05T17:34:30.879-0800][gc,heap,exit] Heap
[2024-11-05T17:34:30.880-0800][gc,heap,exit]  garbage-first heap   total reserved 524288K, committed 524288K, used 21012K [0x00000007e0000000, 0x0000000800000000)
[2024-11-05T17:34:30.880-0800][gc,heap,exit]   region size 1024K, 16 young (16384K), 4 survivors (4096K)
[2024-11-05T17:34:30.880-0800][gc,heap,exit]  Metaspace       used 9187K, committed 9408K, reserved 1114112K
[2024-11-05T17:34:30.880-0800][gc,heap,exit]   class space    used 973K, committed 1088K, reserved 1048576K
