[2024-10-29T15:59:10.788-0700][gc,init] CardTable entry size: 512
[2024-10-29T15:59:10.788-0700][gc     ] Using G1
[2024-10-29T15:59:10.788-0700][gc,init] Version: 22.0.2+9-70 (release)
[2024-10-29T15:59:10.788-0700][gc,init] CPUs: 8 total, 8 available
[2024-10-29T15:59:10.788-0700][gc,init] Memory: 8192M
[2024-10-29T15:59:10.788-0700][gc,init] Large Page Support: Disabled
[2024-10-29T15:59:10.788-0700][gc,init] NUMA Support: Disabled
[2024-10-29T15:59:10.788-0700][gc,init] Compressed Oops: Enabled (Zero based)
[2024-10-29T15:59:10.788-0700][gc,init] Heap Region Size: 1M
[2024-10-29T15:59:10.788-0700][gc,init] Heap Min Capacity: 512M
[2024-10-29T15:59:10.788-0700][gc,init] Heap Initial Capacity: 512M
[2024-10-29T15:59:10.788-0700][gc,init] Heap Max Capacity: 512M
[2024-10-29T15:59:10.788-0700][gc,init] Pre-touch: Disabled
[2024-10-29T15:59:10.788-0700][gc,init] Parallel Workers: 8
[2024-10-29T15:59:10.789-0700][gc,init] Concurrent Workers: 2
[2024-10-29T15:59:10.789-0700][gc,init] Concurrent Refinement Workers: 8
[2024-10-29T15:59:10.789-0700][gc,init] Periodic GC: Disabled
[2024-10-29T15:59:10.794-0700][gc,metaspace] CDS archive(s) mapped at: [0x00003ffe00000000-0x00003ffe00c74000-0x00003ffe00c74000), size 13058048, SharedBaseAddress: 0x00003ffe00000000, ArchiveRelocationMode: 1.
[2024-10-29T15:59:10.794-0700][gc,metaspace] Compressed class space mapped at: 0x00003ffe01000000-0x00003ffe41000000, reserved size: 1073741824
[2024-10-29T15:59:10.794-0700][gc,metaspace] Narrow klass base: 0x00003ffe00000000, Narrow klass shift: 0, Narrow klass range: 0x100000000
[2024-10-29T15:59:11.245-0700][gc,start    ] GC(0) Pause Young (Normal) (G1 Evacuation Pause)
[2024-10-29T15:59:11.245-0700][gc,task     ] GC(0) Using 8 workers of 8 for evacuation
[2024-10-29T15:59:11.248-0700][gc,phases   ] GC(0)   Pre Evacuate Collection Set: 0.08ms
[2024-10-29T15:59:11.248-0700][gc,phases   ] GC(0)   Merge Heap Roots: 0.26ms
[2024-10-29T15:59:11.248-0700][gc,phases   ] GC(0)   Evacuate Collection Set: 2.33ms
[2024-10-29T15:59:11.248-0700][gc,phases   ] GC(0)   Post Evacuate Collection Set: 0.24ms
[2024-10-29T15:59:11.248-0700][gc,phases   ] GC(0)   Other: 0.22ms
[2024-10-29T15:59:11.248-0700][gc,heap     ] GC(0) Eden regions: 25->0(21)
[2024-10-29T15:59:11.248-0700][gc,heap     ] GC(0) Survivor regions: 0->4(4)
[2024-10-29T15:59:11.248-0700][gc,heap     ] GC(0) Old regions: 2->7
[2024-10-29T15:59:11.248-0700][gc,heap     ] GC(0) Humongous regions: 0->0
[2024-10-29T15:59:11.248-0700][gc,metaspace] GC(0) Metaspace: 7743K(7936K)->7743K(7936K) NonClass: 6899K(7040K)->6899K(7040K) Class: 843K(896K)->843K(896K)
[2024-10-29T15:59:11.248-0700][gc          ] GC(0) Pause Young (Normal) (G1 Evacuation Pause) 26M->9M(512M) 3.605ms
[2024-10-29T15:59:11.248-0700][gc,cpu      ] GC(0) User=0.01s Sys=0.01s Real=0.00s
[2024-10-29T15:59:34.512-0700][gc,heap,exit] Heap
[2024-10-29T15:59:34.512-0700][gc,heap,exit]  garbage-first heap   total reserved 524288K, committed 524288K, used 12557K [0x00000007e0000000, 0x0000000800000000)
[2024-10-29T15:59:34.512-0700][gc,heap,exit]   region size 1024K, 8 young (8192K), 4 survivors (4096K)
[2024-10-29T15:59:34.512-0700][gc,heap,exit]  Metaspace       used 8165K, committed 8384K, reserved 1114112K
[2024-10-29T15:59:34.512-0700][gc,heap,exit]   class space    used 905K, committed 1024K, reserved 1048576K
