[2024-10-29T16:04:57.463-0700][gc,init] CardTable entry size: 512
[2024-10-29T16:04:57.463-0700][gc     ] Using G1
[2024-10-29T16:04:57.464-0700][gc,init] Version: 22.0.2+9-70 (release)
[2024-10-29T16:04:57.464-0700][gc,init] CPUs: 8 total, 8 available
[2024-10-29T16:04:57.464-0700][gc,init] Memory: 8192M
[2024-10-29T16:04:57.464-0700][gc,init] Large Page Support: Disabled
[2024-10-29T16:04:57.464-0700][gc,init] NUMA Support: Disabled
[2024-10-29T16:04:57.464-0700][gc,init] Compressed Oops: Enabled (Zero based)
[2024-10-29T16:04:57.464-0700][gc,init] Heap Region Size: 1M
[2024-10-29T16:04:57.464-0700][gc,init] Heap Min Capacity: 512M
[2024-10-29T16:04:57.464-0700][gc,init] Heap Initial Capacity: 512M
[2024-10-29T16:04:57.464-0700][gc,init] Heap Max Capacity: 512M
[2024-10-29T16:04:57.464-0700][gc,init] Pre-touch: Disabled
[2024-10-29T16:04:57.464-0700][gc,init] Parallel Workers: 8
[2024-10-29T16:04:57.464-0700][gc,init] Concurrent Workers: 2
[2024-10-29T16:04:57.464-0700][gc,init] Concurrent Refinement Workers: 8
[2024-10-29T16:04:57.464-0700][gc,init] Periodic GC: Disabled
[2024-10-29T16:04:57.468-0700][gc,metaspace] CDS archive(s) mapped at: [0x0000008000000000-0x0000008000c74000-0x0000008000c74000), size 13058048, SharedBaseAddress: 0x0000008000000000, ArchiveRelocationMode: 1.
[2024-10-29T16:04:57.468-0700][gc,metaspace] Compressed class space mapped at: 0x0000008001000000-0x0000008041000000, reserved size: 1073741824
[2024-10-29T16:04:57.468-0700][gc,metaspace] Narrow klass base: 0x0000008000000000, Narrow klass shift: 0, Narrow klass range: 0x100000000
[2024-10-29T16:04:57.818-0700][gc,heap,exit] Heap
[2024-10-29T16:04:57.818-0700][gc,heap,exit]  garbage-first heap   total reserved 524288K, committed 524288K, used 24593K [0x00000007e0000000, 0x0000000800000000)
[2024-10-29T16:04:57.818-0700][gc,heap,exit]   region size 1024K, 23 young (23552K), 0 survivors (0K)
[2024-10-29T16:04:57.818-0700][gc,heap,exit]  Metaspace       used 7443K, committed 7616K, reserved 1114112K
[2024-10-29T16:04:57.818-0700][gc,heap,exit]   class space    used 815K, committed 896K, reserved 1048576K
